<?xml version="1.0" encoding="ISO-8859-1" ?>
<link_info>
   <banner>TI ARM Linker PC v20.2.7.LTS</banner>
   <copyright>Copyright (c) 1996-2018 Texas Instruments Incorporated</copyright>
   <link_time>0x64a1d65a</link_time>
   <link_errors>0x0</link_errors>
   <output_file>Su23_Project3.out</output_file>
   <entry_point>
      <name>_c_int00_noargs</name>
      <address>0x158d</address>
   </entry_point>
   <input_file_list>
      <input_file id="fl-2">
         <path>.\</path>
         <kind>object</kind>
         <file>project3_main.obj</file>
         <name>project3_main.obj</name>
      </input_file>
      <input_file id="fl-3">
         <path>.\</path>
         <kind>object</kind>
         <file>system_msp432p401r.obj</file>
         <name>system_msp432p401r.obj</name>
      </input_file>
      <input_file id="fl-4">
         <path>.\HAL\</path>
         <kind>object</kind>
         <file>Button.obj</file>
         <name>Button.obj</name>
      </input_file>
      <input_file id="fl-5">
         <path>.\HAL\</path>
         <kind>object</kind>
         <file>Graphics.obj</file>
         <name>Graphics.obj</name>
      </input_file>
      <input_file id="fl-6">
         <path>.\HAL\</path>
         <kind>object</kind>
         <file>LED.obj</file>
         <name>LED.obj</name>
      </input_file>
      <input_file id="fl-7">
         <path>.\HAL\</path>
         <kind>object</kind>
         <file>Timer.obj</file>
         <name>Timer.obj</name>
      </input_file>
      <input_file id="fl-8">
         <path>.\LcdDriver\</path>
         <kind>object</kind>
         <file>Crystalfontz128x128_ST7735.obj</file>
         <name>Crystalfontz128x128_ST7735.obj</name>
      </input_file>
      <input_file id="fl-9">
         <path>.\LcdDriver\</path>
         <kind>object</kind>
         <file>HAL_MSP_EXP432P401R_Crystalfontz128x128_ST7735.obj</file>
         <name>HAL_MSP_EXP432P401R_Crystalfontz128x128_ST7735.obj</name>
      </input_file>
      <input_file id="fl-a">
         <path>.\ccs\</path>
         <kind>object</kind>
         <file>startup_msp432p401r_ccs.obj</file>
         <name>startup_msp432p401r_ccs.obj</name>
      </input_file>
      <input_file id="fl-15">
         <kind>object</kind>
         <file>&lt;internal&gt;</file>
         <name>&lt;internal&gt;</name>
      </input_file>
      <input_file id="fl-16">
         <path>C:\ti\simplelink_msp432p4_sdk_3_40_01_02\source\ti\grlib\lib\ccs\m4f\</path>
         <kind>archive</kind>
         <file>grlib.a</file>
         <name>circle.obj</name>
      </input_file>
      <input_file id="fl-17">
         <path>C:\ti\simplelink_msp432p4_sdk_3_40_01_02\source\ti\grlib\lib\ccs\m4f\</path>
         <kind>archive</kind>
         <file>grlib.a</file>
         <name>context.obj</name>
      </input_file>
      <input_file id="fl-18">
         <path>C:\ti\simplelink_msp432p4_sdk_3_40_01_02\source\ti\grlib\lib\ccs\m4f\</path>
         <kind>archive</kind>
         <file>grlib.a</file>
         <name>display.obj</name>
      </input_file>
      <input_file id="fl-19">
         <path>C:\ti\simplelink_msp432p4_sdk_3_40_01_02\source\ti\grlib\lib\ccs\m4f\</path>
         <kind>archive</kind>
         <file>grlib.a</file>
         <name>fontfixed6x8.obj</name>
      </input_file>
      <input_file id="fl-1a">
         <path>C:\ti\simplelink_msp432p4_sdk_3_40_01_02\source\ti\grlib\lib\ccs\m4f\</path>
         <kind>archive</kind>
         <file>grlib.a</file>
         <name>line.obj</name>
      </input_file>
      <input_file id="fl-1b">
         <path>C:\ti\simplelink_msp432p4_sdk_3_40_01_02\source\ti\grlib\lib\ccs\m4f\</path>
         <kind>archive</kind>
         <file>grlib.a</file>
         <name>string.obj</name>
      </input_file>
      <input_file id="fl-1c">
         <path>C:\ti\simplelink_msp432p4_sdk_3_40_01_02\source\ti\devices\msp432p4xx\driverlib\ccs\</path>
         <kind>archive</kind>
         <file>msp432p4xx_driverlib.lib</file>
         <name>cs.o</name>
      </input_file>
      <input_file id="fl-1d">
         <path>C:\ti\simplelink_msp432p4_sdk_3_40_01_02\source\ti\devices\msp432p4xx\driverlib\ccs\</path>
         <kind>archive</kind>
         <file>msp432p4xx_driverlib.lib</file>
         <name>flash.o</name>
      </input_file>
      <input_file id="fl-1e">
         <path>C:\ti\simplelink_msp432p4_sdk_3_40_01_02\source\ti\devices\msp432p4xx\driverlib\ccs\</path>
         <kind>archive</kind>
         <file>msp432p4xx_driverlib.lib</file>
         <name>gpio.o</name>
      </input_file>
      <input_file id="fl-1f">
         <path>C:\ti\simplelink_msp432p4_sdk_3_40_01_02\source\ti\devices\msp432p4xx\driverlib\ccs\</path>
         <kind>archive</kind>
         <file>msp432p4xx_driverlib.lib</file>
         <name>interrupt.o</name>
      </input_file>
      <input_file id="fl-20">
         <path>C:\ti\simplelink_msp432p4_sdk_3_40_01_02\source\ti\devices\msp432p4xx\driverlib\ccs\</path>
         <kind>archive</kind>
         <file>msp432p4xx_driverlib.lib</file>
         <name>pcm.o</name>
      </input_file>
      <input_file id="fl-21">
         <path>C:\ti\simplelink_msp432p4_sdk_3_40_01_02\source\ti\devices\msp432p4xx\driverlib\ccs\</path>
         <kind>archive</kind>
         <file>msp432p4xx_driverlib.lib</file>
         <name>rtc_c.o</name>
      </input_file>
      <input_file id="fl-22">
         <path>C:\ti\simplelink_msp432p4_sdk_3_40_01_02\source\ti\devices\msp432p4xx\driverlib\ccs\</path>
         <kind>archive</kind>
         <file>msp432p4xx_driverlib.lib</file>
         <name>spi.o</name>
      </input_file>
      <input_file id="fl-23">
         <path>C:\ti\simplelink_msp432p4_sdk_3_40_01_02\source\ti\devices\msp432p4xx\driverlib\ccs\</path>
         <kind>archive</kind>
         <file>msp432p4xx_driverlib.lib</file>
         <name>sysctl.o</name>
      </input_file>
      <input_file id="fl-24">
         <path>C:\ti\simplelink_msp432p4_sdk_3_40_01_02\source\ti\devices\msp432p4xx\driverlib\ccs\</path>
         <kind>archive</kind>
         <file>msp432p4xx_driverlib.lib</file>
         <name>sysctl_a.o</name>
      </input_file>
      <input_file id="fl-25">
         <path>C:\ti\simplelink_msp432p4_sdk_3_40_01_02\source\ti\devices\msp432p4xx\driverlib\ccs\</path>
         <kind>archive</kind>
         <file>msp432p4xx_driverlib.lib</file>
         <name>timer32.o</name>
      </input_file>
      <input_file id="fl-26">
         <path>C:\ti\simplelink_msp432p4_sdk_3_40_01_02\source\ti\devices\msp432p4xx\driverlib\ccs\</path>
         <kind>archive</kind>
         <file>msp432p4xx_driverlib.lib</file>
         <name>wdt_a.o</name>
      </input_file>
      <input_file id="fl-27">
         <path>C:\ti\simplelink_msp432p4_sdk_3_40_01_02\source\ti\devices\msp432p4xx\driverlib\ccs\</path>
         <kind>archive</kind>
         <file>msp432p4xx_driverlib.lib</file>
         <name>cpu.o</name>
      </input_file>
      <input_file id="fl-dd">
         <path>C:\ti\ccs1220\ccs\tools\compiler\ti-cgt-arm_20.2.7.LTS\lib\</path>
         <kind>archive</kind>
         <file>rtsv7M4_T_le_v4SPD16_eabi.lib</file>
         <name>ll_mul_t2.asm.obj</name>
      </input_file>
      <input_file id="fl-de">
         <path>C:\ti\ccs1220\ccs\tools\compiler\ti-cgt-arm_20.2.7.LTS\lib\</path>
         <kind>archive</kind>
         <file>rtsv7M4_T_le_v4SPD16_eabi.lib</file>
         <name>ull_div_t2.asm.obj</name>
      </input_file>
      <input_file id="fl-df">
         <path>C:\ti\ccs1220\ccs\tools\compiler\ti-cgt-arm_20.2.7.LTS\lib\</path>
         <kind>archive</kind>
         <file>rtsv7M4_T_le_v4SPD16_eabi.lib</file>
         <name>copy_zero_init.c.obj</name>
      </input_file>
      <input_file id="fl-e0">
         <path>C:\ti\ccs1220\ccs\tools\compiler\ti-cgt-arm_20.2.7.LTS\lib\</path>
         <kind>archive</kind>
         <file>rtsv7M4_T_le_v4SPD16_eabi.lib</file>
         <name>copy_decompress_none.c.obj</name>
      </input_file>
      <input_file id="fl-e1">
         <path>C:\ti\ccs1220\ccs\tools\compiler\ti-cgt-arm_20.2.7.LTS\lib\</path>
         <kind>archive</kind>
         <file>rtsv7M4_T_le_v4SPD16_eabi.lib</file>
         <name>copy_decompress_lzss.c.obj</name>
      </input_file>
      <input_file id="fl-e2">
         <path>C:\ti\ccs1220\ccs\tools\compiler\ti-cgt-arm_20.2.7.LTS\lib\</path>
         <kind>archive</kind>
         <file>rtsv7M4_T_le_v4SPD16_eabi.lib</file>
         <name>boot_cortex_m.c.obj</name>
      </input_file>
      <input_file id="fl-e3">
         <path>C:\ti\ccs1220\ccs\tools\compiler\ti-cgt-arm_20.2.7.LTS\lib\</path>
         <kind>archive</kind>
         <file>rtsv7M4_T_le_v4SPD16_eabi.lib</file>
         <name>div0.asm.obj</name>
      </input_file>
      <input_file id="fl-e4">
         <path>C:\ti\ccs1220\ccs\tools\compiler\ti-cgt-arm_20.2.7.LTS\lib\</path>
         <kind>archive</kind>
         <file>rtsv7M4_T_le_v4SPD16_eabi.lib</file>
         <name>memcpy_t2.asm.obj</name>
      </input_file>
      <input_file id="fl-e5">
         <path>C:\ti\ccs1220\ccs\tools\compiler\ti-cgt-arm_20.2.7.LTS\lib\</path>
         <kind>archive</kind>
         <file>rtsv7M4_T_le_v4SPD16_eabi.lib</file>
         <name>memset_t2.asm.obj</name>
      </input_file>
      <input_file id="fl-e6">
         <path>C:\ti\ccs1220\ccs\tools\compiler\ti-cgt-arm_20.2.7.LTS\lib\</path>
         <kind>archive</kind>
         <file>rtsv7M4_T_le_v4SPD16_eabi.lib</file>
         <name>autoinit.c.obj</name>
      </input_file>
      <input_file id="fl-e7">
         <path>C:\ti\ccs1220\ccs\tools\compiler\ti-cgt-arm_20.2.7.LTS\lib\</path>
         <kind>archive</kind>
         <file>rtsv7M4_T_le_v4SPD16_eabi.lib</file>
         <name>pre_init.c.obj</name>
      </input_file>
      <input_file id="fl-e8">
         <path>C:\ti\ccs1220\ccs\tools\compiler\ti-cgt-arm_20.2.7.LTS\lib\</path>
         <kind>archive</kind>
         <file>rtsv7M4_T_le_v4SPD16_eabi.lib</file>
         <name>cpy_tbl.c.obj</name>
      </input_file>
      <input_file id="fl-e9">
         <path>C:\ti\ccs1220\ccs\tools\compiler\ti-cgt-arm_20.2.7.LTS\lib\</path>
         <kind>archive</kind>
         <file>rtsv7M4_T_le_v4SPD16_eabi.lib</file>
         <name>exit.c.obj</name>
      </input_file>
      <input_file id="fl-ea">
         <path>C:\ti\ccs1220\ccs\tools\compiler\ti-cgt-arm_20.2.7.LTS\lib\</path>
         <kind>archive</kind>
         <file>rtsv7M4_T_le_v4SPD16_eabi.lib</file>
         <name>_lock.c.obj</name>
      </input_file>
      <input_file id="fl-eb">
         <path>C:\ti\ccs1220\ccs\tools\compiler\ti-cgt-arm_20.2.7.LTS\lib\</path>
         <kind>archive</kind>
         <file>rtsv7M4_T_le_v4SPD16_eabi.lib</file>
         <name>args_main.c.obj</name>
      </input_file>
   </input_file_list>
   <object_component_list>
      <object_component id="oc-26">
         <name>.intvecs:retain</name>
         <load_address>0x0</load_address>
         <run_address>0x0</run_address>
         <size>0xe4</size>
         <input_file_ref idref="fl-a"/>
      </object_component>
      <object_component id="oc-2f3">
         <name>.text:Crystalfontz128x128_PixelDrawMultiple</name>
         <load_address>0xe4</load_address>
         <run_address>0xe4</run_address>
         <size>0x1d8</size>
         <input_file_ref idref="fl-8"/>
      </object_component>
      <object_component id="oc-241">
         <name>.text:CS_setDCOFrequency</name>
         <load_address>0x2bc</load_address>
         <run_address>0x2bc</run_address>
         <size>0x19c</size>
         <input_file_ref idref="fl-1c"/>
      </object_component>
      <object_component id="oc-2c2">
         <name>.text:Crystalfontz128x128_SetDrawFrame</name>
         <load_address>0x458</load_address>
         <run_address>0x458</run_address>
         <size>0x134</size>
         <input_file_ref idref="fl-8"/>
      </object_component>
      <object_component id="oc-247">
         <name>.text:CS_initClockSignal</name>
         <load_address>0x58c</load_address>
         <run_address>0x58c</run_address>
         <size>0x130</size>
         <input_file_ref idref="fl-1c"/>
      </object_component>
      <object_component id="oc-195">
         <name>.text:Crystalfontz128x128_Init</name>
         <load_address>0x6bc</load_address>
         <run_address>0x6bc</run_address>
         <size>0x12c</size>
         <input_file_ref idref="fl-8"/>
      </object_component>
      <object_component id="oc-3c7">
         <name>.text:SPI_initMaster</name>
         <load_address>0x7e8</load_address>
         <run_address>0x7e8</run_address>
         <size>0xb0</size>
         <input_file_ref idref="fl-22"/>
      </object_component>
      <object_component id="oc-305">
         <name>.text:Crystalfontz128x128_RectFill</name>
         <load_address>0x898</load_address>
         <run_address>0x898</run_address>
         <size>0x9c</size>
         <input_file_ref idref="fl-8"/>
      </object_component>
      <object_component id="oc-37">
         <name>.text</name>
         <load_address>0x934</load_address>
         <run_address>0x934</run_address>
         <size>0x9c</size>
         <input_file_ref idref="fl-e4"/>
      </object_component>
      <object_component id="oc-473">
         <name>.text</name>
         <load_address>0x9d0</load_address>
         <run_address>0x9d0</run_address>
         <size>0x96</size>
         <input_file_ref idref="fl-de"/>
      </object_component>
      <object_component id="oc-6d">
         <name>.text:Default_Handler</name>
         <load_address>0xa66</load_address>
         <run_address>0xa66</run_address>
         <size>0x2</size>
         <input_file_ref idref="fl-a"/>
      </object_component>
      <object_component id="oc-383">
         <name>.text:SysCtl_A_getTLVInfo</name>
         <load_address>0xa68</load_address>
         <run_address>0xa68</run_address>
         <size>0x94</size>
         <input_file_ref idref="fl-24"/>
      </object_component>
      <object_component id="oc-182">
         <name>.text:InitSystemTiming</name>
         <load_address>0xafc</load_address>
         <run_address>0xafc</run_address>
         <size>0x8c</size>
         <input_file_ref idref="fl-7"/>
      </object_component>
      <object_component id="oc-38f">
         <name>.text:CS_tuneDCOFrequency</name>
         <load_address>0xb88</load_address>
         <run_address>0xb88</run_address>
         <size>0x88</size>
         <input_file_ref idref="fl-1c"/>
      </object_component>
      <object_component id="oc-3c0">
         <name>.text:GPIO_setAsPeripheralModuleFunctionOutputPin</name>
         <load_address>0xc10</load_address>
         <run_address>0xc10</run_address>
         <size>0x88</size>
         <input_file_ref idref="fl-1e"/>
      </object_component>
      <object_component id="oc-259">
         <name>.text:Interrupt_enableInterrupt</name>
         <load_address>0xc98</load_address>
         <run_address>0xc98</run_address>
         <size>0x80</size>
         <input_file_ref idref="fl-1f"/>
      </object_component>
      <object_component id="oc-c3">
         <name>.text:SystemInit</name>
         <load_address>0xd18</load_address>
         <run_address>0xd18</run_address>
         <size>0x78</size>
         <input_file_ref idref="fl-3"/>
      </object_component>
      <object_component id="oc-24d">
         <name>.text:Timer32_initModule</name>
         <load_address>0xd90</load_address>
         <run_address>0xd90</run_address>
         <size>0x68</size>
         <input_file_ref idref="fl-25"/>
      </object_component>
      <object_component id="oc-17">
         <name>.text:decompress:lzss:__TI_decompress_lzss</name>
         <load_address>0xdf8</load_address>
         <run_address>0xdf8</run_address>
         <size>0x68</size>
         <input_file_ref idref="fl-e1"/>
      </object_component>
      <object_component id="oc-334">
         <name>.text:BB1tapped</name>
         <load_address>0xe60</load_address>
         <run_address>0xe60</run_address>
         <size>0x60</size>
         <input_file_ref idref="fl-4"/>
      </object_component>
      <object_component id="oc-33a">
         <name>.text:BB2tapped</name>
         <load_address>0xec0</load_address>
         <run_address>0xec0</run_address>
         <size>0x60</size>
         <input_file_ref idref="fl-4"/>
      </object_component>
      <object_component id="oc-2f9">
         <name>.text:Crystalfontz128x128_LineDrawH</name>
         <load_address>0xf20</load_address>
         <run_address>0xf20</run_address>
         <size>0x60</size>
         <input_file_ref idref="fl-8"/>
      </object_component>
      <object_component id="oc-2ff">
         <name>.text:Crystalfontz128x128_LineDrawV</name>
         <load_address>0xf80</load_address>
         <run_address>0xf80</run_address>
         <size>0x60</size>
         <input_file_ref idref="fl-8"/>
      </object_component>
      <object_component id="oc-32e">
         <name>.text:JSBtapped</name>
         <load_address>0xfe0</load_address>
         <run_address>0xfe0</run_address>
         <size>0x60</size>
         <input_file_ref idref="fl-4"/>
      </object_component>
      <object_component id="oc-104">
         <name>.text:GFX_construct</name>
         <load_address>0x1040</load_address>
         <run_address>0x1040</run_address>
         <size>0x5c</size>
         <input_file_ref idref="fl-5"/>
      </object_component>
      <object_component id="oc-3ad">
         <name>.text:GPIO_setAsInputPinWithPullUpResistor</name>
         <load_address>0x109c</load_address>
         <run_address>0x109c</run_address>
         <size>0x58</size>
         <input_file_ref idref="fl-1e"/>
      </object_component>
      <object_component id="oc-46c">
         <name>.text:SWTimer_elapsedCycles</name>
         <load_address>0x10f4</load_address>
         <run_address>0x10f4</run_address>
         <size>0x58</size>
         <input_file_ref idref="fl-7"/>
      </object_component>
      <object_component id="oc-188">
         <name>.text:initLEDs</name>
         <load_address>0x114c</load_address>
         <run_address>0x114c</run_address>
         <size>0x58</size>
         <input_file_ref idref="fl-6"/>
      </object_component>
      <object_component id="oc-19b">
         <name>.text:Crystalfontz128x128_SetOrientation</name>
         <load_address>0x11a4</load_address>
         <run_address>0x11a4</run_address>
         <size>0x54</size>
         <input_file_ref idref="fl-8"/>
      </object_component>
      <object_component id="oc-416">
         <name>.text:SWTimer_construct</name>
         <load_address>0x11f8</load_address>
         <run_address>0x11f8</run_address>
         <size>0x54</size>
         <input_file_ref idref="fl-7"/>
      </object_component>
      <object_component id="oc-1a1">
         <name>.text:Graphics_initContext</name>
         <load_address>0x124c</load_address>
         <run_address>0x124c</run_address>
         <size>0x52</size>
         <input_file_ref idref="fl-17"/>
      </object_component>
      <object_component id="oc-498">
         <name>.text</name>
         <load_address>0x129e</load_address>
         <run_address>0x129e</run_address>
         <size>0x2</size>
         <input_file_ref idref="fl-e3"/>
      </object_component>
      <object_component id="oc-18e">
         <name>.text:initButtons</name>
         <load_address>0x12a0</load_address>
         <run_address>0x12a0</run_address>
         <size>0x4c</size>
         <input_file_ref idref="fl-4"/>
      </object_component>
      <object_component id="oc-23b">
         <name>.text:FlashCtl_setWaitState</name>
         <load_address>0x12ec</load_address>
         <run_address>0x12ec</run_address>
         <size>0x48</size>
         <input_file_ref idref="fl-1d"/>
      </object_component>
      <object_component id="oc-12d">
         <name>.text:__TI_auto_init_nobinit_nopinit:__TI_auto_init_nobinit_nopinit</name>
         <load_address>0x1334</load_address>
         <run_address>0x1334</run_address>
         <size>0x44</size>
         <input_file_ref idref="fl-e6"/>
      </object_component>
      <object_component id="oc-2ed">
         <name>.text:Crystalfontz128x128_PixelDraw</name>
         <load_address>0x1378</load_address>
         <run_address>0x1378</run_address>
         <size>0x40</size>
         <input_file_ref idref="fl-8"/>
      </object_component>
      <object_component id="oc-26c">
         <name>.text:GPIO_setAsOutputPin</name>
         <load_address>0x13b8</load_address>
         <run_address>0x13b8</run_address>
         <size>0x40</size>
         <input_file_ref idref="fl-1e"/>
      </object_component>
      <object_component id="oc-2a4">
         <name>.text:HAL_LCD_SpiInit</name>
         <load_address>0x13f8</load_address>
         <run_address>0x13f8</run_address>
         <size>0x40</size>
         <input_file_ref idref="fl-9"/>
      </object_component>
      <object_component id="oc-44f">
         <name>.text:is_A_Module</name>
         <load_address>0x1438</load_address>
         <run_address>0x1438</run_address>
         <size>0x40</size>
         <input_file_ref idref="fl-22"/>
      </object_component>
      <object_component id="oc-3b9">
         <name>.text:GPIO_interruptEdgeSelect</name>
         <load_address>0x1478</load_address>
         <run_address>0x1478</run_address>
         <size>0x3c</size>
         <input_file_ref idref="fl-1e"/>
      </object_component>
      <object_component id="oc-2b6">
         <name>.text:HAL_LCD_writeCommand</name>
         <load_address>0x14b4</load_address>
         <run_address>0x14b4</run_address>
         <size>0x38</size>
         <input_file_ref idref="fl-9"/>
      </object_component>
      <object_component id="oc-265">
         <name>.text:Timer32_startTimer</name>
         <load_address>0x14ec</load_address>
         <run_address>0x14ec</run_address>
         <size>0x38</size>
         <input_file_ref idref="fl-25"/>
      </object_component>
      <object_component id="oc-389">
         <name>.text:CS_setDCOCenteredFrequency</name>
         <load_address>0x1524</load_address>
         <run_address>0x1524</run_address>
         <size>0x34</size>
         <input_file_ref idref="fl-1c"/>
      </object_component>
      <object_component id="oc-253">
         <name>.text:Timer32_setCount</name>
         <load_address>0x1558</load_address>
         <run_address>0x1558</run_address>
         <size>0x34</size>
         <input_file_ref idref="fl-25"/>
      </object_component>
      <object_component id="oc-55">
         <name>.text:_c_int00_noargs:_c_int00_noargs</name>
         <load_address>0x158c</load_address>
         <run_address>0x158c</run_address>
         <size>0x34</size>
         <input_file_ref idref="fl-e2"/>
      </object_component>
      <object_component id="oc-29e">
         <name>.text:HAL_LCD_PortInit</name>
         <load_address>0x15c0</load_address>
         <run_address>0x15c0</run_address>
         <size>0x30</size>
         <input_file_ref idref="fl-9"/>
      </object_component>
      <object_component id="oc-317">
         <name>.text:Crystalfontz128x128_ClearScreen</name>
         <load_address>0x15f0</load_address>
         <run_address>0x15f0</run_address>
         <size>0x2c</size>
         <input_file_ref idref="fl-8"/>
      </object_component>
      <object_component id="oc-2bc">
         <name>.text:HAL_LCD_writeData</name>
         <load_address>0x161c</load_address>
         <run_address>0x161c</run_address>
         <size>0x2c</size>
         <input_file_ref idref="fl-9"/>
      </object_component>
      <object_component id="oc-1ad">
         <name>.text:GFX_resetColors</name>
         <load_address>0x1648</load_address>
         <run_address>0x1648</run_address>
         <size>0x2a</size>
         <input_file_ref idref="fl-5"/>
      </object_component>
      <object_component id="oc-410">
         <name>.text:SWTimer_expired</name>
         <load_address>0x1672</load_address>
         <run_address>0x1672</run_address>
         <size>0x2a</size>
         <input_file_ref idref="fl-7"/>
      </object_component>
      <object_component id="oc-297">
         <name>.text:initButton</name>
         <load_address>0x169c</load_address>
         <run_address>0x169c</run_address>
         <size>0x2a</size>
         <input_file_ref idref="fl-4"/>
      </object_component>
      <object_component id="oc-1db">
         <name>.text:updateButtons</name>
         <load_address>0x16c6</load_address>
         <run_address>0x16c6</run_address>
         <size>0x2a</size>
         <input_file_ref idref="fl-4"/>
      </object_component>
      <object_component id="oc-30b">
         <name>.text:Crystalfontz128x128_ColorTranslate</name>
         <load_address>0x16f0</load_address>
         <run_address>0x16f0</run_address>
         <size>0x28</size>
         <input_file_ref idref="fl-8"/>
      </object_component>
      <object_component id="oc-db">
         <name>.text:GPIO_clearInterruptFlag</name>
         <load_address>0x1718</load_address>
         <run_address>0x1718</run_address>
         <size>0x28</size>
         <input_file_ref idref="fl-1e"/>
      </object_component>
      <object_component id="oc-3b3">
         <name>.text:GPIO_enableInterrupt</name>
         <load_address>0x1740</load_address>
         <run_address>0x1740</run_address>
         <size>0x28</size>
         <input_file_ref idref="fl-1e"/>
      </object_component>
      <object_component id="oc-2b0">
         <name>.text:GPIO_setOutputHighOnPin</name>
         <load_address>0x1768</load_address>
         <run_address>0x1768</run_address>
         <size>0x28</size>
         <input_file_ref idref="fl-1e"/>
      </object_component>
      <object_component id="oc-2aa">
         <name>.text:GPIO_setOutputLowOnPin</name>
         <load_address>0x1790</load_address>
         <run_address>0x1790</run_address>
         <size>0x28</size>
         <input_file_ref idref="fl-1e"/>
      </object_component>
      <object_component id="oc-341">
         <name>.text:GPIO_toggleOutputOnPin</name>
         <load_address>0x17b8</load_address>
         <run_address>0x17b8</run_address>
         <size>0x28</size>
         <input_file_ref idref="fl-1e"/>
      </object_component>
      <object_component id="oc-1ce">
         <name>.text:PCM_gotoLPM0</name>
         <load_address>0x17e0</load_address>
         <run_address>0x17e0</run_address>
         <size>0x28</size>
         <input_file_ref idref="fl-20"/>
      </object_component>
      <object_component id="oc-73">
         <name>.text:T32_INT1_IRQHandler</name>
         <load_address>0x1808</load_address>
         <run_address>0x1808</run_address>
         <size>0x28</size>
         <input_file_ref idref="fl-7"/>
      </object_component>
      <object_component id="oc-d5">
         <name>.text:GPIO_getInterruptStatus</name>
         <load_address>0x1830</load_address>
         <run_address>0x1830</run_address>
         <size>0x24</size>
         <input_file_ref idref="fl-1e"/>
      </object_component>
      <object_component id="oc-41c">
         <name>.text:SWTimer_start</name>
         <load_address>0x1854</load_address>
         <run_address>0x1854</run_address>
         <size>0x24</size>
         <input_file_ref idref="fl-7"/>
      </object_component>
      <object_component id="oc-17c">
         <name>.text:WDT_A_holdTimer</name>
         <load_address>0x1878</load_address>
         <run_address>0x1878</run_address>
         <size>0x24</size>
         <input_file_ref idref="fl-26"/>
      </object_component>
      <object_component id="oc-b1">
         <name>.text:main</name>
         <load_address>0x189c</load_address>
         <run_address>0x189c</run_address>
         <size>0x22</size>
         <input_file_ref idref="fl-2"/>
      </object_component>
      <object_component id="oc-79">
         <name>.text:PORT3_IRQHandler</name>
         <load_address>0x18c0</load_address>
         <run_address>0x18c0</run_address>
         <size>0x20</size>
         <input_file_ref idref="fl-4"/>
      </object_component>
      <object_component id="oc-7f">
         <name>.text:PORT4_IRQHandler</name>
         <load_address>0x18e0</load_address>
         <run_address>0x18e0</run_address>
         <size>0x20</size>
         <input_file_ref idref="fl-4"/>
      </object_component>
      <object_component id="oc-85">
         <name>.text:PORT5_IRQHandler</name>
         <load_address>0x1900</load_address>
         <run_address>0x1900</run_address>
         <size>0x20</size>
         <input_file_ref idref="fl-4"/>
      </object_component>
      <object_component id="oc-3cd">
         <name>.text:SPI_enableModule</name>
         <load_address>0x1920</load_address>
         <run_address>0x1920</run_address>
         <size>0x1c</size>
         <input_file_ref idref="fl-22"/>
      </object_component>
      <object_component id="oc-43">
         <name>.text:decompress:ZI:__TI_zero_init_nomemset:__TI_zero_init_nomemset</name>
         <load_address>0x193c</load_address>
         <run_address>0x193c</run_address>
         <size>0x1c</size>
         <input_file_ref idref="fl-df"/>
      </object_component>
      <object_component id="oc-3f9">
         <name>.text:Graphics_clearDisplayOnDisplay</name>
         <load_address>0x1958</load_address>
         <run_address>0x1958</run_address>
         <size>0x1a</size>
         <input_file_ref idref="fl-18"/>
      </object_component>
      <object_component id="oc-2dc">
         <name>.text:Graphics_setBackgroundColor</name>
         <load_address>0x1972</load_address>
         <run_address>0x1972</run_address>
         <size>0x1a</size>
         <input_file_ref idref="fl-17"/>
      </object_component>
      <object_component id="oc-1a7">
         <name>.text:Graphics_setFont</name>
         <load_address>0x198c</load_address>
         <run_address>0x198c</run_address>
         <size>0x1a</size>
         <input_file_ref idref="fl-17"/>
      </object_component>
      <object_component id="oc-478">
         <name>.text</name>
         <load_address>0x19a6</load_address>
         <run_address>0x19a6</run_address>
         <size>0x18</size>
         <input_file_ref idref="fl-dd"/>
      </object_component>
      <object_component id="oc-457">
         <name>.text:EUSCI_A_SPI_enable</name>
         <load_address>0x19be</load_address>
         <run_address>0x19be</run_address>
         <size>0x16</size>
         <input_file_ref idref="fl-22"/>
      </object_component>
      <object_component id="oc-45d">
         <name>.text:EUSCI_B_SPI_enable</name>
         <load_address>0x19d4</load_address>
         <run_address>0x19d4</run_address>
         <size>0x16</size>
         <input_file_ref idref="fl-22"/>
      </object_component>
      <object_component id="oc-2d6">
         <name>.text:Graphics_setForegroundColor</name>
         <load_address>0x19ea</load_address>
         <run_address>0x19ea</run_address>
         <size>0x16</size>
         <input_file_ref idref="fl-17"/>
      </object_component>
      <object_component id="oc-3ef">
         <name>.text:Graphics_translateColorOnDisplay</name>
         <load_address>0x1a00</load_address>
         <run_address>0x1a00</run_address>
         <size>0x16</size>
         <input_file_ref idref="fl-18"/>
      </object_component>
      <object_component id="oc-110">
         <name>.text:main_loop</name>
         <load_address>0x1a16</load_address>
         <run_address>0x1a16</run_address>
         <size>0x16</size>
         <input_file_ref idref="fl-2"/>
      </object_component>
      <object_component id="oc-cb">
         <name>.text:Timer32_clearInterruptFlag</name>
         <load_address>0x1a2c</load_address>
         <run_address>0x1a2c</run_address>
         <size>0x14</size>
         <input_file_ref idref="fl-25"/>
      </object_component>
      <object_component id="oc-fe">
         <name>.text:initialize</name>
         <load_address>0x1a40</load_address>
         <run_address>0x1a40</run_address>
         <size>0x14</size>
         <input_file_ref idref="fl-2"/>
      </object_component>
      <object_component id="oc-2e4">
         <name>.text:Graphics_clearDisplay</name>
         <load_address>0x1a54</load_address>
         <run_address>0x1a54</run_address>
         <size>0x12</size>
         <input_file_ref idref="fl-17"/>
      </object_component>
      <object_component id="oc-235">
         <name>.text:Interrupt_disableMaster</name>
         <load_address>0x1a66</load_address>
         <run_address>0x1a66</run_address>
         <size>0x10</size>
         <input_file_ref idref="fl-1f"/>
      </object_component>
      <object_component id="oc-25f">
         <name>.text:Interrupt_enableMaster</name>
         <load_address>0x1a76</load_address>
         <run_address>0x1a76</run_address>
         <size>0x10</size>
         <input_file_ref idref="fl-1f"/>
      </object_component>
      <object_component id="oc-10a">
         <name>.text:sleep</name>
         <load_address>0x1a86</load_address>
         <run_address>0x1a86</run_address>
         <size>0x10</size>
         <input_file_ref idref="fl-2"/>
      </object_component>
      <object_component id="oc-47e">
         <name>.text:Timer32_getValue</name>
         <load_address>0x1a96</load_address>
         <run_address>0x1a96</run_address>
         <size>0xe</size>
         <input_file_ref idref="fl-25"/>
      </object_component>
      <object_component id="oc-1d">
         <name>.text:decompress:none:__TI_decompress_none</name>
         <load_address>0x1aa4</load_address>
         <run_address>0x1aa4</run_address>
         <size>0xe</size>
         <input_file_ref idref="fl-e0"/>
      </object_component>
      <object_component id="oc-37b">
         <name>.text:CPU_cpsid</name>
         <load_address>0x1ab2</load_address>
         <run_address>0x1ab2</run_address>
         <size>0xc</size>
         <input_file_ref idref="fl-27"/>
      </object_component>
      <object_component id="oc-39e">
         <name>.text:CPU_cpsie</name>
         <load_address>0x1abe</load_address>
         <run_address>0x1abe</run_address>
         <size>0xc</size>
         <input_file_ref idref="fl-27"/>
      </object_component>
      <object_component id="oc-1b3">
         <name>.text:GFX_clear</name>
         <load_address>0x1aca</load_address>
         <run_address>0x1aca</run_address>
         <size>0xc</size>
         <input_file_ref idref="fl-5"/>
      </object_component>
      <object_component id="oc-67">
         <name>.text:Reset_Handler</name>
         <load_address>0x1ad6</load_address>
         <run_address>0x1ad6</run_address>
         <size>0xc</size>
         <input_file_ref idref="fl-a"/>
      </object_component>
      <object_component id="oc-1e1">
         <name>.text:Toggle_LL1</name>
         <load_address>0x1ae2</load_address>
         <run_address>0x1ae2</run_address>
         <size>0xc</size>
         <input_file_ref idref="fl-6"/>
      </object_component>
      <object_component id="oc-290">
         <name>.text:TurnOff_BLB</name>
         <load_address>0x1aee</load_address>
         <run_address>0x1aee</run_address>
         <size>0xc</size>
         <input_file_ref idref="fl-6"/>
      </object_component>
      <object_component id="oc-28a">
         <name>.text:TurnOff_BLG</name>
         <load_address>0x1afa</load_address>
         <run_address>0x1afa</run_address>
         <size>0xc</size>
         <input_file_ref idref="fl-6"/>
      </object_component>
      <object_component id="oc-284">
         <name>.text:TurnOff_BLR</name>
         <load_address>0x1b06</load_address>
         <run_address>0x1b06</run_address>
         <size>0xc</size>
         <input_file_ref idref="fl-6"/>
      </object_component>
      <object_component id="oc-272">
         <name>.text:TurnOff_LL1</name>
         <load_address>0x1b12</load_address>
         <run_address>0x1b12</run_address>
         <size>0xc</size>
         <input_file_ref idref="fl-6"/>
      </object_component>
      <object_component id="oc-27e">
         <name>.text:TurnOff_LLB</name>
         <load_address>0x1b1e</load_address>
         <run_address>0x1b1e</run_address>
         <size>0xc</size>
         <input_file_ref idref="fl-6"/>
      </object_component>
      <object_component id="oc-1d4">
         <name>.text:TurnOff_LLG</name>
         <load_address>0x1b2a</load_address>
         <run_address>0x1b2a</run_address>
         <size>0xc</size>
         <input_file_ref idref="fl-6"/>
      </object_component>
      <object_component id="oc-278">
         <name>.text:TurnOff_LLR</name>
         <load_address>0x1b36</load_address>
         <run_address>0x1b36</run_address>
         <size>0xc</size>
         <input_file_ref idref="fl-6"/>
      </object_component>
      <object_component id="oc-1c8">
         <name>.text:TurnOn_LLG</name>
         <load_address>0x1b42</load_address>
         <run_address>0x1b42</run_address>
         <size>0xc</size>
         <input_file_ref idref="fl-6"/>
      </object_component>
      <object_component id="oc-311">
         <name>.text:Crystalfontz128x128_Flush</name>
         <load_address>0x1b4e</load_address>
         <run_address>0x1b4e</run_address>
         <size>0xa</size>
         <input_file_ref idref="fl-8"/>
      </object_component>
      <object_component id="oc-326">
         <name>.text:CPU_wfi</name>
         <load_address>0x1b58</load_address>
         <run_address>0x1b58</run_address>
         <size>0x4</size>
         <input_file_ref idref="fl-27"/>
      </object_component>
      <object_component id="oc-ab">
         <name>.text:_system_pre_init</name>
         <load_address>0x1b5c</load_address>
         <run_address>0x1b5c</run_address>
         <size>0x4</size>
         <input_file_ref idref="fl-e7"/>
      </object_component>
      <object_component id="oc-121">
         <name>.text:abort:abort</name>
         <load_address>0x1b60</load_address>
         <run_address>0x1b60</run_address>
         <size>0x4</size>
         <input_file_ref idref="fl-e9"/>
      </object_component>
      <object_component id="oc-31f">
         <name>.const:.string:g_pucFontFixed6x8Data</name>
         <load_address>0x1b64</load_address>
         <run_address>0x1b64</run_address>
         <size>0x2f8</size>
         <input_file_ref idref="fl-19"/>
      </object_component>
      <object_component id="oc-1bf">
         <name>.const:g_sFontFixed6x8</name>
         <load_address>0x1e5c</load_address>
         <run_address>0x1e5c</run_address>
         <size>0xc8</size>
         <input_file_ref idref="fl-19"/>
      </object_component>
      <object_component id="oc-169">
         <name>.const:GPIO_PORT_TO_BASE</name>
         <load_address>0x1f24</load_address>
         <run_address>0x1f24</run_address>
         <size>0x30</size>
         <input_file_ref idref="fl-1e"/>
      </object_component>
      <object_component id="oc-1bc">
         <name>.const:g_sCrystalfontz128x128_funcs</name>
         <load_address>0x1f54</load_address>
         <run_address>0x1f54</run_address>
         <size>0x20</size>
         <input_file_ref idref="fl-8"/>
      </object_component>
      <object_component id="oc-3d3">
         <name>.const:$P$T0$1</name>
         <load_address>0x1f74</load_address>
         <run_address>0x1f74</run_address>
         <size>0x1c</size>
         <input_file_ref idref="fl-9"/>
      </object_component>
      <object_component id="oc-407">
         <name>.const:$P$T0$1</name>
         <load_address>0x1f90</load_address>
         <run_address>0x1f90</run_address>
         <size>0x8</size>
         <input_file_ref idref="fl-8"/>
      </object_component>
      <object_component id="oc-39a">
         <name>.const:g_pulEnRegs</name>
         <load_address>0x1f98</load_address>
         <run_address>0x1f98</run_address>
         <size>0x8</size>
         <input_file_ref idref="fl-1f"/>
      </object_component>
      <object_component id="oc-4d2">
         <name>.cinit..data.load</name>
         <load_address>0x1fa0</load_address>
         <run_address>0x1fa0</run_address>
         <size>0xd</size>
      </object_component>
      <object_component id="oc-4d0">
         <name>__TI_handler_table</name>
         <load_address>0x1fb0</load_address>
         <run_address>0x1fb0</run_address>
         <size>0xc</size>
      </object_component>
      <object_component id="oc-4d3">
         <name>.cinit..bss.load</name>
         <load_address>0x1fc0</load_address>
         <run_address>0x1fc0</run_address>
         <size>0x8</size>
      </object_component>
      <object_component id="oc-4d1">
         <name>__TI_cinit_table</name>
         <load_address>0x1fc8</load_address>
         <run_address>0x1fc8</run_address>
         <size>0x10</size>
      </object_component>
      <object_component id="oc-4a4">
         <name>.binit</name>
         <load_address>0x0</load_address>
         <run_address>0x0</run_address>
         <size>0x0</size>
      </object_component>
      <object_component id="oc-422">
         <name>.data</name>
         <load_address>0x20000058</load_address>
         <run_address>0x20000058</run_address>
         <size>0x3</size>
         <input_file_ref idref="fl-4"/>
      </object_component>
      <object_component id="oc-1b9">
         <name>.data:g_sCrystalfontz128x128</name>
         <load_address>0x20000048</load_address>
         <run_address>0x20000048</run_address>
         <size>0x10</size>
         <input_file_ref idref="fl-8"/>
      </object_component>
      <object_component id="oc-e1">
         <name>.bss</name>
         <uninitialized>true</uninitialized>
         <run_address>0x20000038</run_address>
         <size>0x3</size>
         <input_file_ref idref="fl-4"/>
      </object_component>
      <object_component id="oc-423">
         <name>.bss:debounceTimer$2</name>
         <uninitialized>true</uninitialized>
         <run_address>0x20000000</run_address>
         <size>0x10</size>
         <input_file_ref idref="fl-4"/>
      </object_component>
      <object_component id="oc-425">
         <name>.bss:debounceTimer$4</name>
         <uninitialized>true</uninitialized>
         <run_address>0x20000010</run_address>
         <size>0x10</size>
         <input_file_ref idref="fl-4"/>
      </object_component>
      <object_component id="oc-427">
         <name>.bss:debounceTimer$6</name>
         <uninitialized>true</uninitialized>
         <run_address>0x20000020</run_address>
         <size>0x10</size>
         <input_file_ref idref="fl-4"/>
      </object_component>
      <object_component id="oc-d1">
         <name>.bss</name>
         <uninitialized>true</uninitialized>
         <run_address>0x20000030</run_address>
         <size>0x8</size>
         <input_file_ref idref="fl-7"/>
      </object_component>
      <object_component id="oc-2d1">
         <name>.common:Lcd_Orientation</name>
         <uninitialized>true</uninitialized>
         <run_address>0x20000043</run_address>
         <size>0x1</size>
      </object_component>
      <object_component id="oc-2c8">
         <name>.common:Lcd_ScreenWidth</name>
         <uninitialized>true</uninitialized>
         <run_address>0x2000003e</run_address>
         <size>0x2</size>
      </object_component>
      <object_component id="oc-2cb">
         <name>.common:Lcd_ScreenHeigth</name>
         <uninitialized>true</uninitialized>
         <run_address>0x2000003c</run_address>
         <size>0x2</size>
      </object_component>
      <object_component id="oc-2cc">
         <name>.common:Lcd_PenSolid</name>
         <uninitialized>true</uninitialized>
         <run_address>0x20000044</run_address>
         <size>0x1</size>
      </object_component>
      <object_component id="oc-2cd">
         <name>.common:Lcd_FontSolid</name>
         <uninitialized>true</uninitialized>
         <run_address>0x20000042</run_address>
         <size>0x1</size>
      </object_component>
      <object_component id="oc-2ce">
         <name>.common:Lcd_FlagRead</name>
         <uninitialized>true</uninitialized>
         <run_address>0x2000003b</run_address>
         <size>0x1</size>
      </object_component>
      <object_component id="oc-2cf">
         <name>.common:Lcd_TouchTrim</name>
         <uninitialized>true</uninitialized>
         <run_address>0x20000040</run_address>
         <size>0x2</size>
      </object_component>
      <object_component id="oc-29">
         <name>.stack</name>
         <uninitialized>true</uninitialized>
         <run_address>0x2000fe00</run_address>
         <size>0x4</size>
         <input_file_ref idref="fl-e2"/>
      </object_component>
      <object_component id="oc-4d5">
         <name>.stack</name>
         <uninitialized>true</uninitialized>
         <run_address>0x2000fe00</run_address>
         <size>0x0</size>
      </object_component>
      <object_component id="oc-17b">
         <name>.debug_info</name>
         <load_address>0x0</load_address>
         <run_address>0x0</run_address>
         <size>0x806</size>
         <input_file_ref idref="fl-2"/>
      </object_component>
      <object_component id="oc-b2">
         <name>.debug_info</name>
         <load_address>0x806</load_address>
         <run_address>0x806</run_address>
         <size>0x167</size>
         <input_file_ref idref="fl-2"/>
      </object_component>
      <object_component id="oc-10b">
         <name>.debug_info</name>
         <load_address>0x96d</load_address>
         <run_address>0x96d</run_address>
         <size>0x150</size>
         <input_file_ref idref="fl-2"/>
      </object_component>
      <object_component id="oc-111">
         <name>.debug_info</name>
         <load_address>0xabd</load_address>
         <run_address>0xabd</run_address>
         <size>0x186</size>
         <input_file_ref idref="fl-2"/>
      </object_component>
      <object_component id="oc-ff">
         <name>.debug_info</name>
         <load_address>0xc43</load_address>
         <run_address>0xc43</run_address>
         <size>0x172</size>
         <input_file_ref idref="fl-2"/>
      </object_component>
      <object_component id="oc-1e8">
         <name>.debug_info</name>
         <load_address>0xdb5</load_address>
         <run_address>0xdb5</run_address>
         <size>0x9a</size>
         <input_file_ref idref="fl-2"/>
      </object_component>
      <object_component id="oc-e9">
         <name>.debug_info</name>
         <load_address>0xe4f</load_address>
         <run_address>0xe4f</run_address>
         <size>0x26b</size>
         <input_file_ref idref="fl-2"/>
      </object_component>
      <object_component id="oc-21e">
         <name>.debug_info</name>
         <load_address>0x10ba</load_address>
         <run_address>0x10ba</run_address>
         <size>0x1028</size>
         <input_file_ref idref="fl-2"/>
      </object_component>
      <object_component id="oc-219">
         <name>.debug_info</name>
         <load_address>0x20e2</load_address>
         <run_address>0x20e2</run_address>
         <size>0x37e2</size>
         <input_file_ref idref="fl-2"/>
      </object_component>
      <object_component id="oc-1ed">
         <name>.debug_info</name>
         <load_address>0x58c4</load_address>
         <run_address>0x58c4</run_address>
         <size>0x439</size>
         <input_file_ref idref="fl-2"/>
      </object_component>
      <object_component id="oc-11c">
         <name>.debug_info</name>
         <load_address>0x5cfd</load_address>
         <run_address>0x5cfd</run_address>
         <size>0x9e</size>
         <input_file_ref idref="fl-2"/>
      </object_component>
      <object_component id="oc-223">
         <name>.debug_info</name>
         <load_address>0x5d9b</load_address>
         <run_address>0x5d9b</run_address>
         <size>0x76</size>
         <input_file_ref idref="fl-2"/>
      </object_component>
      <object_component id="oc-117">
         <name>.debug_info</name>
         <load_address>0x5e11</load_address>
         <run_address>0x5e11</run_address>
         <size>0x8b</size>
         <input_file_ref idref="fl-2"/>
      </object_component>
      <object_component id="oc-176">
         <name>.debug_info</name>
         <load_address>0x5e9c</load_address>
         <run_address>0x5e9c</run_address>
         <size>0x2a4</size>
         <input_file_ref idref="fl-2"/>
      </object_component>
      <object_component id="oc-22d">
         <name>.debug_info</name>
         <load_address>0x6140</load_address>
         <run_address>0x6140</run_address>
         <size>0xef</size>
         <input_file_ref idref="fl-2"/>
      </object_component>
      <object_component id="oc-1c3">
         <name>.debug_info</name>
         <load_address>0x622f</load_address>
         <run_address>0x622f</run_address>
         <size>0xbb</size>
         <input_file_ref idref="fl-2"/>
      </object_component>
      <object_component id="oc-3d7">
         <name>.debug_info</name>
         <load_address>0x62ea</load_address>
         <run_address>0x62ea</run_address>
         <size>0x131</size>
         <input_file_ref idref="fl-2"/>
      </object_component>
      <object_component id="oc-c4">
         <name>.debug_info</name>
         <load_address>0x641b</load_address>
         <run_address>0x641b</run_address>
         <size>0x136</size>
         <input_file_ref idref="fl-3"/>
      </object_component>
      <object_component id="oc-32">
         <name>.debug_info</name>
         <load_address>0x6551</load_address>
         <run_address>0x6551</run_address>
         <size>0x84</size>
         <input_file_ref idref="fl-3"/>
      </object_component>
      <object_component id="oc-175">
         <name>.debug_info</name>
         <load_address>0x65d5</load_address>
         <run_address>0x65d5</run_address>
         <size>0x7a8</size>
         <input_file_ref idref="fl-4"/>
      </object_component>
      <object_component id="oc-e2">
         <name>.debug_info</name>
         <load_address>0x6d7d</load_address>
         <run_address>0x6d7d</run_address>
         <size>0x132</size>
         <input_file_ref idref="fl-4"/>
      </object_component>
      <object_component id="oc-298">
         <name>.debug_info</name>
         <load_address>0x6eaf</load_address>
         <run_address>0x6eaf</run_address>
         <size>0x224</size>
         <input_file_ref idref="fl-4"/>
      </object_component>
      <object_component id="oc-18f">
         <name>.debug_info</name>
         <load_address>0x70d3</load_address>
         <run_address>0x70d3</run_address>
         <size>0x1b0</size>
         <input_file_ref idref="fl-4"/>
      </object_component>
      <object_component id="oc-80">
         <name>.debug_info</name>
         <load_address>0x7283</load_address>
         <run_address>0x7283</run_address>
         <size>0x163</size>
         <input_file_ref idref="fl-4"/>
      </object_component>
      <object_component id="oc-86">
         <name>.debug_info</name>
         <load_address>0x73e6</load_address>
         <run_address>0x73e6</run_address>
         <size>0x163</size>
         <input_file_ref idref="fl-4"/>
      </object_component>
      <object_component id="oc-7a">
         <name>.debug_info</name>
         <load_address>0x7549</load_address>
         <run_address>0x7549</run_address>
         <size>0x163</size>
         <input_file_ref idref="fl-4"/>
      </object_component>
      <object_component id="oc-32f">
         <name>.debug_info</name>
         <load_address>0x76ac</load_address>
         <run_address>0x76ac</run_address>
         <size>0x1c1</size>
         <input_file_ref idref="fl-4"/>
      </object_component>
      <object_component id="oc-335">
         <name>.debug_info</name>
         <load_address>0x786d</load_address>
         <run_address>0x786d</run_address>
         <size>0x1c1</size>
         <input_file_ref idref="fl-4"/>
      </object_component>
      <object_component id="oc-33b">
         <name>.debug_info</name>
         <load_address>0x7a2e</load_address>
         <run_address>0x7a2e</run_address>
         <size>0x1c1</size>
         <input_file_ref idref="fl-4"/>
      </object_component>
      <object_component id="oc-1dc">
         <name>.debug_info</name>
         <load_address>0x7bef</load_address>
         <run_address>0x7bef</run_address>
         <size>0x16d</size>
         <input_file_ref idref="fl-4"/>
      </object_component>
      <object_component id="oc-2e3">
         <name>.debug_info</name>
         <load_address>0x7d5c</load_address>
         <run_address>0x7d5c</run_address>
         <size>0xabf</size>
         <input_file_ref idref="fl-5"/>
      </object_component>
      <object_component id="oc-106">
         <name>.debug_info</name>
         <load_address>0x881b</load_address>
         <run_address>0x881b</run_address>
         <size>0x289</size>
         <input_file_ref idref="fl-5"/>
      </object_component>
      <object_component id="oc-1af">
         <name>.debug_info</name>
         <load_address>0x8aa4</load_address>
         <run_address>0x8aa4</run_address>
         <size>0x196</size>
         <input_file_ref idref="fl-5"/>
      </object_component>
      <object_component id="oc-1b6">
         <name>.debug_info</name>
         <load_address>0x8c3a</load_address>
         <run_address>0x8c3a</run_address>
         <size>0x162</size>
         <input_file_ref idref="fl-5"/>
      </object_component>
      <object_component id="oc-274">
         <name>.debug_info</name>
         <load_address>0x8d9c</load_address>
         <run_address>0x8d9c</run_address>
         <size>0x131</size>
         <input_file_ref idref="fl-6"/>
      </object_component>
      <object_component id="oc-1e3">
         <name>.debug_info</name>
         <load_address>0x8ecd</load_address>
         <run_address>0x8ecd</run_address>
         <size>0x12f</size>
         <input_file_ref idref="fl-6"/>
      </object_component>
      <object_component id="oc-27a">
         <name>.debug_info</name>
         <load_address>0x8ffc</load_address>
         <run_address>0x8ffc</run_address>
         <size>0x131</size>
         <input_file_ref idref="fl-6"/>
      </object_component>
      <object_component id="oc-1c9">
         <name>.debug_info</name>
         <load_address>0x912d</load_address>
         <run_address>0x912d</run_address>
         <size>0x130</size>
         <input_file_ref idref="fl-6"/>
      </object_component>
      <object_component id="oc-1d5">
         <name>.debug_info</name>
         <load_address>0x925d</load_address>
         <run_address>0x925d</run_address>
         <size>0x131</size>
         <input_file_ref idref="fl-6"/>
      </object_component>
      <object_component id="oc-280">
         <name>.debug_info</name>
         <load_address>0x938e</load_address>
         <run_address>0x938e</run_address>
         <size>0x131</size>
         <input_file_ref idref="fl-6"/>
      </object_component>
      <object_component id="oc-285">
         <name>.debug_info</name>
         <load_address>0x94bf</load_address>
         <run_address>0x94bf</run_address>
         <size>0x131</size>
         <input_file_ref idref="fl-6"/>
      </object_component>
      <object_component id="oc-28c">
         <name>.debug_info</name>
         <load_address>0x95f0</load_address>
         <run_address>0x95f0</run_address>
         <size>0x131</size>
         <input_file_ref idref="fl-6"/>
      </object_component>
      <object_component id="oc-291">
         <name>.debug_info</name>
         <load_address>0x9721</load_address>
         <run_address>0x9721</run_address>
         <size>0x131</size>
         <input_file_ref idref="fl-6"/>
      </object_component>
      <object_component id="oc-18a">
         <name>.debug_info</name>
         <load_address>0x9852</load_address>
         <run_address>0x9852</run_address>
         <size>0x242</size>
         <input_file_ref idref="fl-6"/>
      </object_component>
      <object_component id="oc-168">
         <name>.debug_info</name>
         <load_address>0x9a94</load_address>
         <run_address>0x9a94</run_address>
         <size>0x7f1</size>
         <input_file_ref idref="fl-7"/>
      </object_component>
      <object_component id="oc-d2">
         <name>.debug_info</name>
         <load_address>0xa285</load_address>
         <run_address>0xa285</run_address>
         <size>0xef</size>
         <input_file_ref idref="fl-7"/>
      </object_component>
      <object_component id="oc-74">
         <name>.debug_info</name>
         <load_address>0xa374</load_address>
         <run_address>0xa374</run_address>
         <size>0x14b</size>
         <input_file_ref idref="fl-7"/>
      </object_component>
      <object_component id="oc-184">
         <name>.debug_info</name>
         <load_address>0xa4bf</load_address>
         <run_address>0xa4bf</run_address>
         <size>0x29e</size>
         <input_file_ref idref="fl-7"/>
      </object_component>
      <object_component id="oc-417">
         <name>.debug_info</name>
         <load_address>0xa75d</load_address>
         <run_address>0xa75d</run_address>
         <size>0x1f2</size>
         <input_file_ref idref="fl-7"/>
      </object_component>
      <object_component id="oc-41e">
         <name>.debug_info</name>
         <load_address>0xa94f</load_address>
         <run_address>0xa94f</run_address>
         <size>0x164</size>
         <input_file_ref idref="fl-7"/>
      </object_component>
      <object_component id="oc-46d">
         <name>.debug_info</name>
         <load_address>0xaab3</load_address>
         <run_address>0xaab3</run_address>
         <size>0x200</size>
         <input_file_ref idref="fl-7"/>
      </object_component>
      <object_component id="oc-412">
         <name>.debug_info</name>
         <load_address>0xacb3</load_address>
         <run_address>0xacb3</run_address>
         <size>0x195</size>
         <input_file_ref idref="fl-7"/>
      </object_component>
      <object_component id="oc-2c9">
         <name>.debug_info</name>
         <load_address>0xae48</load_address>
         <run_address>0xae48</run_address>
         <size>0x934</size>
         <input_file_ref idref="fl-8"/>
      </object_component>
      <object_component id="oc-1ba">
         <name>.debug_info</name>
         <load_address>0xb77c</load_address>
         <run_address>0xb77c</run_address>
         <size>0x118</size>
         <input_file_ref idref="fl-8"/>
      </object_component>
      <object_component id="oc-1bd">
         <name>.debug_info</name>
         <load_address>0xb894</load_address>
         <run_address>0xb894</run_address>
         <size>0x124</size>
         <input_file_ref idref="fl-8"/>
      </object_component>
      <object_component id="oc-408">
         <name>.debug_info</name>
         <load_address>0xb9b8</load_address>
         <run_address>0xb9b8</run_address>
         <size>0xf9</size>
         <input_file_ref idref="fl-8"/>
      </object_component>
      <object_component id="oc-197">
         <name>.debug_info</name>
         <load_address>0xbab1</load_address>
         <run_address>0xbab1</run_address>
         <size>0x3eb</size>
         <input_file_ref idref="fl-8"/>
      </object_component>
      <object_component id="oc-2c3">
         <name>.debug_info</name>
         <load_address>0xbe9c</load_address>
         <run_address>0xbe9c</run_address>
         <size>0x2f7</size>
         <input_file_ref idref="fl-8"/>
      </object_component>
      <object_component id="oc-19c">
         <name>.debug_info</name>
         <load_address>0xc193</load_address>
         <run_address>0xc193</run_address>
         <size>0x253</size>
         <input_file_ref idref="fl-8"/>
      </object_component>
      <object_component id="oc-2ef">
         <name>.debug_info</name>
         <load_address>0xc3e6</load_address>
         <run_address>0xc3e6</run_address>
         <size>0x298</size>
         <input_file_ref idref="fl-8"/>
      </object_component>
      <object_component id="oc-2f4">
         <name>.debug_info</name>
         <load_address>0xc67e</load_address>
         <run_address>0xc67e</run_address>
         <size>0x3fb</size>
         <input_file_ref idref="fl-8"/>
      </object_component>
      <object_component id="oc-2fa">
         <name>.debug_info</name>
         <load_address>0xca79</load_address>
         <run_address>0xca79</run_address>
         <size>0x2b3</size>
         <input_file_ref idref="fl-8"/>
      </object_component>
      <object_component id="oc-300">
         <name>.debug_info</name>
         <load_address>0xcd2c</load_address>
         <run_address>0xcd2c</run_address>
         <size>0x2b3</size>
         <input_file_ref idref="fl-8"/>
      </object_component>
      <object_component id="oc-306">
         <name>.debug_info</name>
         <load_address>0xcfdf</load_address>
         <run_address>0xcfdf</run_address>
         <size>0x2e4</size>
         <input_file_ref idref="fl-8"/>
      </object_component>
      <object_component id="oc-30c">
         <name>.debug_info</name>
         <load_address>0xd2c3</load_address>
         <run_address>0xd2c3</run_address>
         <size>0x201</size>
         <input_file_ref idref="fl-8"/>
      </object_component>
      <object_component id="oc-312">
         <name>.debug_info</name>
         <load_address>0xd4c4</load_address>
         <run_address>0xd4c4</run_address>
         <size>0x1bc</size>
         <input_file_ref idref="fl-8"/>
      </object_component>
      <object_component id="oc-318">
         <name>.debug_info</name>
         <load_address>0xd680</load_address>
         <run_address>0xd680</run_address>
         <size>0x22c</size>
         <input_file_ref idref="fl-8"/>
      </object_component>
      <object_component id="oc-3e3">
         <name>.debug_info</name>
         <load_address>0xd8ac</load_address>
         <run_address>0xd8ac</run_address>
         <size>0x37e2</size>
         <input_file_ref idref="fl-8"/>
      </object_component>
      <object_component id="oc-466">
         <name>.debug_info</name>
         <load_address>0x1108e</load_address>
         <run_address>0x1108e</run_address>
         <size>0x87a</size>
         <input_file_ref idref="fl-9"/>
      </object_component>
      <object_component id="oc-3d4">
         <name>.debug_info</name>
         <load_address>0x11908</load_address>
         <run_address>0x11908</run_address>
         <size>0x10c</size>
         <input_file_ref idref="fl-9"/>
      </object_component>
      <object_component id="oc-29f">
         <name>.debug_info</name>
         <load_address>0x11a14</load_address>
         <run_address>0x11a14</run_address>
         <size>0x263</size>
         <input_file_ref idref="fl-9"/>
      </object_component>
      <object_component id="oc-2a5">
         <name>.debug_info</name>
         <load_address>0x11c77</load_address>
         <run_address>0x11c77</run_address>
         <size>0x22c</size>
         <input_file_ref idref="fl-9"/>
      </object_component>
      <object_component id="oc-2b7">
         <name>.debug_info</name>
         <load_address>0x11ea3</load_address>
         <run_address>0x11ea3</run_address>
         <size>0x223</size>
         <input_file_ref idref="fl-9"/>
      </object_component>
      <object_component id="oc-2be">
         <name>.debug_info</name>
         <load_address>0x120c6</load_address>
         <run_address>0x120c6</run_address>
         <size>0x1d6</size>
         <input_file_ref idref="fl-9"/>
      </object_component>
      <object_component id="oc-8d">
         <name>.debug_info</name>
         <load_address>0x1229c</load_address>
         <run_address>0x1229c</run_address>
         <size>0x2d6</size>
         <input_file_ref idref="fl-a"/>
      </object_component>
      <object_component id="oc-27">
         <name>.debug_info</name>
         <load_address>0x12572</load_address>
         <run_address>0x12572</run_address>
         <size>0x102</size>
         <input_file_ref idref="fl-a"/>
      </object_component>
      <object_component id="oc-6b">
         <name>.debug_info</name>
         <load_address>0x12674</load_address>
         <run_address>0x12674</run_address>
         <size>0x165</size>
         <input_file_ref idref="fl-a"/>
      </object_component>
      <object_component id="oc-70">
         <name>.debug_info</name>
         <load_address>0x127d9</load_address>
         <run_address>0x127d9</run_address>
         <size>0x14d</size>
         <input_file_ref idref="fl-a"/>
      </object_component>
      <object_component id="oc-369">
         <name>.debug_info</name>
         <load_address>0x12926</load_address>
         <run_address>0x12926</run_address>
         <size>0x48c</size>
         <input_file_ref idref="fl-16"/>
      </object_component>
      <object_component id="oc-376">
         <name>.debug_info</name>
         <load_address>0x12db2</load_address>
         <run_address>0x12db2</run_address>
         <size>0x26b</size>
         <input_file_ref idref="fl-16"/>
      </object_component>
      <object_component id="oc-3ea">
         <name>.debug_info</name>
         <load_address>0x1301d</load_address>
         <run_address>0x1301d</run_address>
         <size>0x439</size>
         <input_file_ref idref="fl-16"/>
      </object_component>
      <object_component id="oc-212">
         <name>.debug_info</name>
         <load_address>0x13456</load_address>
         <run_address>0x13456</run_address>
         <size>0x297</size>
         <input_file_ref idref="fl-16"/>
      </object_component>
      <object_component id="oc-16d">
         <name>.debug_info</name>
         <load_address>0x136ed</load_address>
         <run_address>0x136ed</run_address>
         <size>0xef</size>
         <input_file_ref idref="fl-16"/>
      </object_component>
      <object_component id="oc-161">
         <name>.debug_info</name>
         <load_address>0x137dc</load_address>
         <run_address>0x137dc</run_address>
         <size>0xbb</size>
         <input_file_ref idref="fl-16"/>
      </object_component>
      <object_component id="oc-2d4">
         <name>.debug_info</name>
         <load_address>0x13897</load_address>
         <run_address>0x13897</run_address>
         <size>0x561</size>
         <input_file_ref idref="fl-17"/>
      </object_component>
      <object_component id="oc-1a2">
         <name>.debug_info</name>
         <load_address>0x13df8</load_address>
         <run_address>0x13df8</run_address>
         <size>0x1ef</size>
         <input_file_ref idref="fl-17"/>
      </object_component>
      <object_component id="oc-2dd">
         <name>.debug_info</name>
         <load_address>0x13fe7</load_address>
         <run_address>0x13fe7</run_address>
         <size>0x203</size>
         <input_file_ref idref="fl-17"/>
      </object_component>
      <object_component id="oc-1a8">
         <name>.debug_info</name>
         <load_address>0x141ea</load_address>
         <run_address>0x141ea</run_address>
         <size>0x1d0</size>
         <input_file_ref idref="fl-17"/>
      </object_component>
      <object_component id="oc-2d7">
         <name>.debug_info</name>
         <load_address>0x143ba</load_address>
         <run_address>0x143ba</run_address>
         <size>0x1f6</size>
         <input_file_ref idref="fl-17"/>
      </object_component>
      <object_component id="oc-2e5">
         <name>.debug_info</name>
         <load_address>0x145b0</load_address>
         <run_address>0x145b0</run_address>
         <size>0x1c3</size>
         <input_file_ref idref="fl-17"/>
      </object_component>
      <object_component id="oc-468">
         <name>.debug_info</name>
         <load_address>0x14773</load_address>
         <run_address>0x14773</run_address>
         <size>0x3fb</size>
         <input_file_ref idref="fl-18"/>
      </object_component>
      <object_component id="oc-3f3">
         <name>.debug_info</name>
         <load_address>0x14b6e</load_address>
         <run_address>0x14b6e</run_address>
         <size>0x1e3</size>
         <input_file_ref idref="fl-18"/>
      </object_component>
      <object_component id="oc-3fd">
         <name>.debug_info</name>
         <load_address>0x14d51</load_address>
         <run_address>0x14d51</run_address>
         <size>0x1db</size>
         <input_file_ref idref="fl-18"/>
      </object_component>
      <object_component id="oc-324">
         <name>.debug_info</name>
         <load_address>0x14f2c</load_address>
         <run_address>0x14f2c</run_address>
         <size>0x27c</size>
         <input_file_ref idref="fl-19"/>
      </object_component>
      <object_component id="oc-320">
         <name>.debug_info</name>
         <load_address>0x151a8</load_address>
         <run_address>0x151a8</run_address>
         <size>0x13a</size>
         <input_file_ref idref="fl-19"/>
      </object_component>
      <object_component id="oc-1c0">
         <name>.debug_info</name>
         <load_address>0x152e2</load_address>
         <run_address>0x152e2</run_address>
         <size>0x12f</size>
         <input_file_ref idref="fl-19"/>
      </object_component>
      <object_component id="oc-396">
         <name>.debug_info</name>
         <load_address>0x15411</load_address>
         <run_address>0x15411</run_address>
         <size>0x807</size>
         <input_file_ref idref="fl-1c"/>
      </object_component>
      <object_component id="oc-249">
         <name>.debug_info</name>
         <load_address>0x15c18</load_address>
         <run_address>0x15c18</run_address>
         <size>0x29d</size>
         <input_file_ref idref="fl-1c"/>
      </object_component>
      <object_component id="oc-38b">
         <name>.debug_info</name>
         <load_address>0x15eb5</load_address>
         <run_address>0x15eb5</run_address>
         <size>0x1e5</size>
         <input_file_ref idref="fl-1c"/>
      </object_component>
      <object_component id="oc-391">
         <name>.debug_info</name>
         <load_address>0x1609a</load_address>
         <run_address>0x1609a</run_address>
         <size>0x233</size>
         <input_file_ref idref="fl-1c"/>
      </object_component>
      <object_component id="oc-243">
         <name>.debug_info</name>
         <load_address>0x162cd</load_address>
         <run_address>0x162cd</run_address>
         <size>0x3bf</size>
         <input_file_ref idref="fl-1c"/>
      </object_component>
      <object_component id="oc-36c">
         <name>.debug_info</name>
         <load_address>0x1668c</load_address>
         <run_address>0x1668c</run_address>
         <size>0x431a</size>
         <input_file_ref idref="fl-1c"/>
      </object_component>
      <object_component id="oc-442">
         <name>.debug_info</name>
         <load_address>0x1a9a6</load_address>
         <run_address>0x1a9a6</run_address>
         <size>0x1b5</size>
         <input_file_ref idref="fl-1c"/>
      </object_component>
      <object_component id="oc-371">
         <name>.debug_info</name>
         <load_address>0x1ab5b</load_address>
         <run_address>0x1ab5b</run_address>
         <size>0x1028</size>
         <input_file_ref idref="fl-1c"/>
      </object_component>
      <object_component id="oc-23d">
         <name>.debug_info</name>
         <load_address>0x1bb83</load_address>
         <run_address>0x1bb83</run_address>
         <size>0x224</size>
         <input_file_ref idref="fl-1d"/>
      </object_component>
      <object_component id="oc-22a">
         <name>.debug_info</name>
         <load_address>0x1bda7</load_address>
         <run_address>0x1bda7</run_address>
         <size>0x701</size>
         <input_file_ref idref="fl-1e"/>
      </object_component>
      <object_component id="oc-16a">
         <name>.debug_info</name>
         <load_address>0x1c4a8</load_address>
         <run_address>0x1c4a8</run_address>
         <size>0x135</size>
         <input_file_ref idref="fl-1e"/>
      </object_component>
      <object_component id="oc-26e">
         <name>.debug_info</name>
         <load_address>0x1c5dd</load_address>
         <run_address>0x1c5dd</run_address>
         <size>0x252</size>
         <input_file_ref idref="fl-1e"/>
      </object_component>
      <object_component id="oc-3c3">
         <name>.debug_info</name>
         <load_address>0x1c82f</load_address>
         <run_address>0x1c82f</run_address>
         <size>0x2a5</size>
         <input_file_ref idref="fl-1e"/>
      </object_component>
      <object_component id="oc-2b2">
         <name>.debug_info</name>
         <load_address>0x1cad4</load_address>
         <run_address>0x1cad4</run_address>
         <size>0x25a</size>
         <input_file_ref idref="fl-1e"/>
      </object_component>
      <object_component id="oc-2ac">
         <name>.debug_info</name>
         <load_address>0x1cd2e</load_address>
         <run_address>0x1cd2e</run_address>
         <size>0x258</size>
         <input_file_ref idref="fl-1e"/>
      </object_component>
      <object_component id="oc-343">
         <name>.debug_info</name>
         <load_address>0x1cf86</load_address>
         <run_address>0x1cf86</run_address>
         <size>0x258</size>
         <input_file_ref idref="fl-1e"/>
      </object_component>
      <object_component id="oc-3af">
         <name>.debug_info</name>
         <load_address>0x1d1de</load_address>
         <run_address>0x1d1de</run_address>
         <size>0x274</size>
         <input_file_ref idref="fl-1e"/>
      </object_component>
      <object_component id="oc-3b5">
         <name>.debug_info</name>
         <load_address>0x1d452</load_address>
         <run_address>0x1d452</run_address>
         <size>0x254</size>
         <input_file_ref idref="fl-1e"/>
      </object_component>
      <object_component id="oc-d7">
         <name>.debug_info</name>
         <load_address>0x1d6a6</load_address>
         <run_address>0x1d6a6</run_address>
         <size>0x25e</size>
         <input_file_ref idref="fl-1e"/>
      </object_component>
      <object_component id="oc-dd">
         <name>.debug_info</name>
         <load_address>0x1d904</load_address>
         <run_address>0x1d904</run_address>
         <size>0x25a</size>
         <input_file_ref idref="fl-1e"/>
      </object_component>
      <object_component id="oc-3bb">
         <name>.debug_info</name>
         <load_address>0x1db5e</load_address>
         <run_address>0x1db5e</run_address>
         <size>0x298</size>
         <input_file_ref idref="fl-1e"/>
      </object_component>
      <object_component id="oc-449">
         <name>.debug_info</name>
         <load_address>0x1ddf6</load_address>
         <run_address>0x1ddf6</run_address>
         <size>0x68f</size>
         <input_file_ref idref="fl-1f"/>
      </object_component>
      <object_component id="oc-39b">
         <name>.debug_info</name>
         <load_address>0x1e485</load_address>
         <run_address>0x1e485</run_address>
         <size>0x12e</size>
         <input_file_ref idref="fl-1f"/>
      </object_component>
      <object_component id="oc-260">
         <name>.debug_info</name>
         <load_address>0x1e5b3</load_address>
         <run_address>0x1e5b3</run_address>
         <size>0x1d5</size>
         <input_file_ref idref="fl-1f"/>
      </object_component>
      <object_component id="oc-237">
         <name>.debug_info</name>
         <load_address>0x1e788</load_address>
         <run_address>0x1e788</run_address>
         <size>0x1d7</size>
         <input_file_ref idref="fl-1f"/>
      </object_component>
      <object_component id="oc-25b">
         <name>.debug_info</name>
         <load_address>0x1e95f</load_address>
         <run_address>0x1e95f</run_address>
         <size>0x219</size>
         <input_file_ref idref="fl-1f"/>
      </object_component>
      <object_component id="oc-1cf">
         <name>.debug_info</name>
         <load_address>0x1eb78</load_address>
         <run_address>0x1eb78</run_address>
         <size>0x1b0</size>
         <input_file_ref idref="fl-20"/>
      </object_component>
      <object_component id="oc-456">
         <name>.debug_info</name>
         <load_address>0x1ed28</load_address>
         <run_address>0x1ed28</run_address>
         <size>0x6f5</size>
         <input_file_ref idref="fl-22"/>
      </object_component>
      <object_component id="oc-450">
         <name>.debug_info</name>
         <load_address>0x1f41d</load_address>
         <run_address>0x1f41d</run_address>
         <size>0x1c7</size>
         <input_file_ref idref="fl-22"/>
      </object_component>
      <object_component id="oc-3c8">
         <name>.debug_info</name>
         <load_address>0x1f5e4</load_address>
         <run_address>0x1f5e4</run_address>
         <size>0x22b</size>
         <input_file_ref idref="fl-22"/>
      </object_component>
      <object_component id="oc-3ce">
         <name>.debug_info</name>
         <load_address>0x1f80f</load_address>
         <run_address>0x1f80f</run_address>
         <size>0x235</size>
         <input_file_ref idref="fl-22"/>
      </object_component>
      <object_component id="oc-45e">
         <name>.debug_info</name>
         <load_address>0x1fa44</load_address>
         <run_address>0x1fa44</run_address>
         <size>0x1e9</size>
         <input_file_ref idref="fl-22"/>
      </object_component>
      <object_component id="oc-458">
         <name>.debug_info</name>
         <load_address>0x1fc2d</load_address>
         <run_address>0x1fc2d</run_address>
         <size>0x1e9</size>
         <input_file_ref idref="fl-22"/>
      </object_component>
      <object_component id="oc-48c">
         <name>.debug_info</name>
         <load_address>0x1fe16</load_address>
         <run_address>0x1fe16</run_address>
         <size>0x131</size>
         <input_file_ref idref="fl-22"/>
      </object_component>
[...]
         <value>0x1afb</value>
         <object_component_ref idref="oc-28a"/>
      </symbol>
      <symbol id="sm-1fd">
         <name>SWTimer_start</name>
         <value>0x1855</value>
         <object_component_ref idref="oc-41c"/>
      </symbol>
      <symbol id="sm-1fe">
         <name>SWTimer_construct</name>
         <value>0x11f9</value>
         <object_component_ref idref="oc-416"/>
      </symbol>
      <symbol id="sm-1ff">
         <name>SWTimer_elapsedCycles</name>
         <value>0x10f5</value>
         <object_component_ref idref="oc-46c"/>
      </symbol>
      <symbol id="sm-200">
         <name>SWTimer_expired</name>
         <value>0x1673</value>
         <object_component_ref idref="oc-410"/>
      </symbol>
      <symbol id="sm-201">
         <name>InitSystemTiming</name>
         <value>0xafd</value>
         <object_component_ref idref="oc-182"/>
      </symbol>
      <symbol id="sm-202">
         <name>T32_INT1_IRQHandler</name>
         <value>0x1809</value>
         <object_component_ref idref="oc-73"/>
      </symbol>
      <symbol id="sm-2b6">
         <name>Lcd_Orientation</name>
         <value>0x20000043</value>
      </symbol>
      <symbol id="sm-2b7">
         <name>Lcd_ScreenWidth</name>
         <value>0x2000003e</value>
      </symbol>
      <symbol id="sm-2b8">
         <name>Lcd_ScreenHeigth</name>
         <value>0x2000003c</value>
      </symbol>
      <symbol id="sm-2b9">
         <name>Lcd_PenSolid</name>
         <value>0x20000044</value>
      </symbol>
      <symbol id="sm-2ba">
         <name>Lcd_FontSolid</name>
         <value>0x20000042</value>
      </symbol>
      <symbol id="sm-2bb">
         <name>Lcd_FlagRead</name>
         <value>0x2000003b</value>
      </symbol>
      <symbol id="sm-2bc">
         <name>Lcd_TouchTrim</name>
         <value>0x20000040</value>
      </symbol>
      <symbol id="sm-2bd">
         <name>Crystalfontz128x128_SetDrawFrame</name>
         <value>0x459</value>
         <object_component_ref idref="oc-2c2"/>
      </symbol>
      <symbol id="sm-2be">
         <name>Crystalfontz128x128_SetOrientation</name>
         <value>0x11a5</value>
         <object_component_ref idref="oc-19b"/>
      </symbol>
      <symbol id="sm-2bf">
         <name>g_sCrystalfontz128x128_funcs</name>
         <value>0x1f54</value>
         <object_component_ref idref="oc-1bc"/>
      </symbol>
      <symbol id="sm-2c0">
         <name>g_sCrystalfontz128x128</name>
         <value>0x20000048</value>
         <object_component_ref idref="oc-1b9"/>
      </symbol>
      <symbol id="sm-2c1">
         <name>Crystalfontz128x128_Init</name>
         <value>0x6bd</value>
         <object_component_ref idref="oc-195"/>
      </symbol>
      <symbol id="sm-2fa">
         <name>HAL_LCD_writeData</name>
         <value>0x161d</value>
         <object_component_ref idref="oc-2bc"/>
      </symbol>
      <symbol id="sm-2fb">
         <name>HAL_LCD_SpiInit</name>
         <value>0x13f9</value>
         <object_component_ref idref="oc-2a4"/>
      </symbol>
      <symbol id="sm-2fc">
         <name>HAL_LCD_PortInit</name>
         <value>0x15c1</value>
         <object_component_ref idref="oc-29e"/>
      </symbol>
      <symbol id="sm-2fd">
         <name>HAL_LCD_writeCommand</name>
         <value>0x14b5</value>
         <object_component_ref idref="oc-2b6"/>
      </symbol>
      <symbol id="sm-319">
         <name>Reset_Handler</name>
         <value>0x1ad7</value>
         <object_component_ref idref="oc-67"/>
      </symbol>
      <symbol id="sm-31a">
         <name>Default_Handler</name>
         <value>0xa67</value>
         <object_component_ref idref="oc-6d"/>
      </symbol>
      <symbol id="sm-31b">
         <name>interruptVectors</name>
         <value>0x0</value>
         <object_component_ref idref="oc-26"/>
      </symbol>
      <symbol id="sm-365">
         <name>Graphics_setBackgroundColor</name>
         <value>0x1973</value>
         <object_component_ref idref="oc-2dc"/>
      </symbol>
      <symbol id="sm-366">
         <name>Graphics_setFont</name>
         <value>0x198d</value>
         <object_component_ref idref="oc-1a7"/>
      </symbol>
      <symbol id="sm-367">
         <name>Graphics_initContext</name>
         <value>0x124d</value>
         <object_component_ref idref="oc-1a1"/>
      </symbol>
      <symbol id="sm-368">
         <name>Graphics_setForegroundColor</name>
         <value>0x19eb</value>
         <object_component_ref idref="oc-2d6"/>
      </symbol>
      <symbol id="sm-369">
         <name>Graphics_clearDisplay</name>
         <value>0x1a55</value>
         <object_component_ref idref="oc-2e4"/>
      </symbol>
      <symbol id="sm-37e">
         <name>Graphics_clearDisplayOnDisplay</name>
         <value>0x1959</value>
         <object_component_ref idref="oc-3f9"/>
      </symbol>
      <symbol id="sm-37f">
         <name>Graphics_translateColorOnDisplay</name>
         <value>0x1a01</value>
         <object_component_ref idref="oc-3ef"/>
      </symbol>
      <symbol id="sm-391">
         <name>g_sFontFixed6x8</name>
         <value>0x1e5c</value>
         <object_component_ref idref="oc-1bf"/>
      </symbol>
      <symbol id="sm-407">
         <name>CS_setDCOFrequency</name>
         <value>0x2bd</value>
         <object_component_ref idref="oc-241"/>
      </symbol>
      <symbol id="sm-408">
         <name>CS_setDCOCenteredFrequency</name>
         <value>0x1525</value>
         <object_component_ref idref="oc-389"/>
      </symbol>
      <symbol id="sm-409">
         <name>CS_tuneDCOFrequency</name>
         <value>0xb89</value>
         <object_component_ref idref="oc-38f"/>
      </symbol>
      <symbol id="sm-40a">
         <name>CS_initClockSignal</name>
         <value>0x58d</value>
         <object_component_ref idref="oc-247"/>
      </symbol>
      <symbol id="sm-419">
         <name>FlashCtl_setWaitState</name>
         <value>0x12ed</value>
         <object_component_ref idref="oc-23b"/>
      </symbol>
      <symbol id="sm-490">
         <name>GPIO_setOutputHighOnPin</name>
         <value>0x1769</value>
         <object_component_ref idref="oc-2b0"/>
      </symbol>
      <symbol id="sm-491">
         <name>GPIO_setAsInputPinWithPullUpResistor</name>
         <value>0x109d</value>
         <object_component_ref idref="oc-3ad"/>
      </symbol>
      <symbol id="sm-492">
         <name>GPIO_getInterruptStatus</name>
         <value>0x1831</value>
         <object_component_ref idref="oc-d5"/>
      </symbol>
      <symbol id="sm-493">
         <name>GPIO_enableInterrupt</name>
         <value>0x1741</value>
         <object_component_ref idref="oc-3b3"/>
      </symbol>
      <symbol id="sm-494">
         <name>GPIO_setAsOutputPin</name>
         <value>0x13b9</value>
         <object_component_ref idref="oc-26c"/>
      </symbol>
      <symbol id="sm-495">
         <name>GPIO_interruptEdgeSelect</name>
         <value>0x1479</value>
         <object_component_ref idref="oc-3b9"/>
      </symbol>
      <symbol id="sm-496">
         <name>GPIO_setOutputLowOnPin</name>
         <value>0x1791</value>
         <object_component_ref idref="oc-2aa"/>
      </symbol>
      <symbol id="sm-497">
         <name>GPIO_clearInterruptFlag</name>
         <value>0x1719</value>
         <object_component_ref idref="oc-db"/>
      </symbol>
      <symbol id="sm-498">
         <name>GPIO_toggleOutputOnPin</name>
         <value>0x17b9</value>
         <object_component_ref idref="oc-341"/>
      </symbol>
      <symbol id="sm-499">
         <name>GPIO_setAsPeripheralModuleFunctionOutputPin</name>
         <value>0xc11</value>
         <object_component_ref idref="oc-3c0"/>
      </symbol>
      <symbol id="sm-4c8">
         <name>Interrupt_disableMaster</name>
         <value>0x1a67</value>
         <object_component_ref idref="oc-235"/>
      </symbol>
      <symbol id="sm-4c9">
         <name>Interrupt_enableMaster</name>
         <value>0x1a77</value>
         <object_component_ref idref="oc-25f"/>
      </symbol>
      <symbol id="sm-4ca">
         <name>Interrupt_enableInterrupt</name>
         <value>0xc99</value>
         <object_component_ref idref="oc-259"/>
      </symbol>
      <symbol id="sm-4d9">
         <name>PCM_gotoLPM0</name>
         <value>0x17e1</value>
         <object_component_ref idref="oc-1ce"/>
      </symbol>
      <symbol id="sm-519">
         <name>EUSCI_B_SPI_enable</name>
         <value>0x19d5</value>
         <object_component_ref idref="oc-45d"/>
      </symbol>
      <symbol id="sm-51a">
         <name>SPI_enableModule</name>
         <value>0x1921</value>
         <object_component_ref idref="oc-3cd"/>
      </symbol>
      <symbol id="sm-51b">
         <name>EUSCI_A_SPI_enable</name>
         <value>0x19bf</value>
         <object_component_ref idref="oc-457"/>
      </symbol>
      <symbol id="sm-51c">
         <name>SPI_initMaster</name>
         <value>0x7e9</value>
         <object_component_ref idref="oc-3c7"/>
      </symbol>
      <symbol id="sm-533">
         <name>SysCtl_A_getTLVInfo</name>
         <value>0xa69</value>
         <object_component_ref idref="oc-383"/>
      </symbol>
      <symbol id="sm-56c">
         <name>Timer32_startTimer</name>
         <value>0x14ed</value>
         <object_component_ref idref="oc-265"/>
      </symbol>
      <symbol id="sm-56d">
         <name>Timer32_setCount</name>
         <value>0x1559</value>
         <object_component_ref idref="oc-253"/>
      </symbol>
      <symbol id="sm-56e">
         <name>Timer32_getValue</name>
         <value>0x1a97</value>
         <object_component_ref idref="oc-47e"/>
      </symbol>
      <symbol id="sm-56f">
         <name>Timer32_initModule</name>
         <value>0xd91</value>
         <object_component_ref idref="oc-24d"/>
      </symbol>
      <symbol id="sm-570">
         <name>Timer32_clearInterruptFlag</name>
         <value>0x1a2d</value>
         <object_component_ref idref="oc-cb"/>
      </symbol>
      <symbol id="sm-57c">
         <name>WDT_A_holdTimer</name>
         <value>0x1879</value>
         <object_component_ref idref="oc-17c"/>
      </symbol>
      <symbol id="sm-596">
         <name>CPU_wfi</name>
         <value>0x1b59</value>
         <object_component_ref idref="oc-326"/>
      </symbol>
      <symbol id="sm-597">
         <name>CPU_cpsie</name>
         <value>0x1abf</value>
         <object_component_ref idref="oc-39e"/>
      </symbol>
      <symbol id="sm-598">
         <name>CPU_cpsid</name>
         <value>0x1ab3</value>
         <object_component_ref idref="oc-37b"/>
      </symbol>
      <symbol id="sm-5a1">
         <name>__aeabi_lmul</name>
         <value>0x19a7</value>
         <object_component_ref idref="oc-478"/>
      </symbol>
      <symbol id="sm-5ae">
         <name>__aeabi_uldivmod</name>
         <value>0x9d1</value>
         <object_component_ref idref="oc-473"/>
      </symbol>
      <symbol id="sm-5c7">
         <name>__TI_zero_init_nomemset</name>
         <value>0x193d</value>
         <object_component_ref idref="oc-43"/>
      </symbol>
      <symbol id="sm-5de">
         <name>__TI_decompress_none</name>
         <value>0x1aa5</value>
         <object_component_ref idref="oc-1d"/>
      </symbol>
      <symbol id="sm-601">
         <name>__TI_decompress_lzss</name>
         <value>0xdf9</value>
         <object_component_ref idref="oc-17"/>
      </symbol>
      <symbol id="sm-614">
         <name>__stack</name>
         <value>0x2000fe00</value>
         <object_component_ref idref="oc-29"/>
      </symbol>
      <symbol id="sm-615">
         <name>_c_int00_noargs</name>
         <value>0x158d</value>
         <object_component_ref idref="oc-55"/>
      </symbol>
      <symbol id="sm-61f">
         <name>__aeabi_idiv0</name>
         <value>0x129f</value>
         <object_component_ref idref="oc-498"/>
      </symbol>
      <symbol id="sm-620">
         <name>__aeabi_ldiv0</name>
         <value>0x129f</value>
         <object_component_ref idref="oc-498"/>
      </symbol>
      <symbol id="sm-63b">
         <name>memcpy</name>
         <value>0x935</value>
         <object_component_ref idref="oc-37"/>
      </symbol>
      <symbol id="sm-63c">
         <name>__aeabi_memcpy</name>
         <value>0x935</value>
         <object_component_ref idref="oc-37"/>
      </symbol>
      <symbol id="sm-63d">
         <name>__aeabi_memcpy8</name>
         <value>0x935</value>
         <object_component_ref idref="oc-37"/>
      </symbol>
      <symbol id="sm-63e">
         <name>__aeabi_memcpy4</name>
         <value>0x935</value>
         <object_component_ref idref="oc-37"/>
      </symbol>
      <symbol id="sm-667">
         <name>__TI_auto_init_nobinit_nopinit</name>
         <value>0x1335</value>
         <object_component_ref idref="oc-12d"/>
      </symbol>
      <symbol id="sm-671">
         <name>_system_pre_init</name>
         <value>0x1b5d</value>
         <object_component_ref idref="oc-ab"/>
      </symbol>
      <symbol id="sm-67d">
         <name>C$$EXIT</name>
         <value>0x1b61</value>
         <object_component_ref idref="oc-121"/>
      </symbol>
      <symbol id="sm-67e">
         <name>abort</name>
         <value>0x1b61</value>
         <object_component_ref idref="oc-121"/>
      </symbol>
      <symbol id="sm-681">
         <name>__TI_static_base__</name>
         <value>0x0</value>
      </symbol>
      <symbol id="sm-684">
         <name>__mpu_init</name>
         <value>0x0</value>
      </symbol>
      <symbol id="sm-685">
         <name>_system_post_cinit</name>
         <value>0x0</value>
      </symbol>
      <symbol id="sm-686">
         <name>NMI_Handler</name>
         <value>0xa67</value>
      </symbol>
      <symbol id="sm-687">
         <name>HardFault_Handler</name>
         <value>0xa67</value>
      </symbol>
      <symbol id="sm-688">
         <name>MemManage_Handler</name>
         <value>0xa67</value>
      </symbol>
      <symbol id="sm-689">
         <name>BusFault_Handler</name>
         <value>0xa67</value>
      </symbol>
      <symbol id="sm-68a">
         <name>UsageFault_Handler</name>
         <value>0xa67</value>
      </symbol>
      <symbol id="sm-68b">
         <name>SVC_Handler</name>
         <value>0xa67</value>
      </symbol>
      <symbol id="sm-68c">
         <name>DebugMon_Handler</name>
         <value>0xa67</value>
      </symbol>
      <symbol id="sm-68d">
         <name>PendSV_Handler</name>
         <value>0xa67</value>
      </symbol>
      <symbol id="sm-68e">
         <name>SysTick_Handler</name>
         <value>0xa67</value>
      </symbol>
      <symbol id="sm-68f">
         <name>PSS_IRQHandler</name>
         <value>0xa67</value>
      </symbol>
      <symbol id="sm-690">
         <name>CS_IRQHandler</name>
         <value>0xa67</value>
      </symbol>
      <symbol id="sm-691">
         <name>PCM_IRQHandler</name>
         <value>0xa67</value>
      </symbol>
      <symbol id="sm-692">
         <name>WDT_A_IRQHandler</name>
         <value>0xa67</value>
      </symbol>
      <symbol id="sm-693">
         <name>FPU_IRQHandler</name>
         <value>0xa67</value>
      </symbol>
      <symbol id="sm-694">
         <name>FLCTL_IRQHandler</name>
         <value>0xa67</value>
      </symbol>
      <symbol id="sm-695">
         <name>COMP_E0_IRQHandler</name>
         <value>0xa67</value>
      </symbol>
      <symbol id="sm-696">
         <name>COMP_E1_IRQHandler</name>
         <value>0xa67</value>
      </symbol>
      <symbol id="sm-697">
         <name>TA0_0_IRQHandler</name>
         <value>0xa67</value>
      </symbol>
      <symbol id="sm-698">
         <name>TA0_N_IRQHandler</name>
         <value>0xa67</value>
      </symbol>
      <symbol id="sm-699">
         <name>TA1_0_IRQHandler</name>
         <value>0xa67</value>
      </symbol>
      <symbol id="sm-69a">
         <name>TA1_N_IRQHandler</name>
         <value>0xa67</value>
      </symbol>
      <symbol id="sm-69b">
         <name>TA2_0_IRQHandler</name>
         <value>0xa67</value>
      </symbol>
      <symbol id="sm-69c">
         <name>TA2_N_IRQHandler</name>
         <value>0xa67</value>
      </symbol>
      <symbol id="sm-69d">
         <name>TA3_0_IRQHandler</name>
         <value>0xa67</value>
      </symbol>
      <symbol id="sm-69e">
         <name>TA3_N_IRQHandler</name>
         <value>0xa67</value>
      </symbol>
      <symbol id="sm-69f">
         <name>EUSCIA0_IRQHandler</name>
         <value>0xa67</value>
      </symbol>
      <symbol id="sm-6a0">
         <name>EUSCIA1_IRQHandler</name>
         <value>0xa67</value>
      </symbol>
      <symbol id="sm-6a1">
         <name>EUSCIA2_IRQHandler</name>
         <value>0xa67</value>
      </symbol>
      <symbol id="sm-6a2">
         <name>EUSCIA3_IRQHandler</name>
         <value>0xa67</value>
      </symbol>
      <symbol id="sm-6a3">
         <name>EUSCIB0_IRQHandler</name>
         <value>0xa67</value>
      </symbol>
      <symbol id="sm-6a4">
         <name>EUSCIB1_IRQHandler</name>
         <value>0xa67</value>
      </symbol>
      <symbol id="sm-6a5">
         <name>EUSCIB2_IRQHandler</name>
         <value>0xa67</value>
      </symbol>
      <symbol id="sm-6a6">
         <name>EUSCIB3_IRQHandler</name>
         <value>0xa67</value>
      </symbol>
      <symbol id="sm-6a7">
         <name>ADC14_IRQHandler</name>
         <value>0xa67</value>
      </symbol>
      <symbol id="sm-6a8">
         <name>T32_INT1_IRQHandler</name>
         <value>0x1809</value>
      </symbol>
      <symbol id="sm-6a9">
         <name>T32_INT2_IRQHandler</name>
         <value>0xa67</value>
      </symbol>
      <symbol id="sm-6aa">
         <name>T32_INTC_IRQHandler</name>
         <value>0xa67</value>
      </symbol>
      <symbol id="sm-6ab">
         <name>AES256_IRQHandler</name>
         <value>0xa67</value>
      </symbol>
      <symbol id="sm-6ac">
         <name>RTC_C_IRQHandler</name>
         <value>0xa67</value>
      </symbol>
      <symbol id="sm-6ad">
         <name>DMA_ERR_IRQHandler</name>
         <value>0xa67</value>
      </symbol>
      <symbol id="sm-6ae">
         <name>DMA_INT3_IRQHandler</name>
         <value>0xa67</value>
      </symbol>
      <symbol id="sm-6af">
         <name>DMA_INT2_IRQHandler</name>
         <value>0xa67</value>
      </symbol>
      <symbol id="sm-6b0">
         <name>DMA_INT1_IRQHandler</name>
         <value>0xa67</value>
      </symbol>
      <symbol id="sm-6b1">
         <name>DMA_INT0_IRQHandler</name>
         <value>0xa67</value>
      </symbol>
      <symbol id="sm-6b2">
         <name>PORT1_IRQHandler</name>
         <value>0xa67</value>
      </symbol>
      <symbol id="sm-6b3">
         <name>PORT2_IRQHandler</name>
         <value>0xa67</value>
      </symbol>
      <symbol id="sm-6b4">
         <name>PORT3_IRQHandler</name>
         <value>0x18c1</value>
      </symbol>
      <symbol id="sm-6b5">
         <name>PORT4_IRQHandler</name>
         <value>0x18e1</value>
      </symbol>
      <symbol id="sm-6b6">
         <name>PORT5_IRQHandler</name>
         <value>0x1901</value>
      </symbol>
      <symbol id="sm-6b7">
         <name>PORT6_IRQHandler</name>
         <value>0xa67</value>
      </symbol>
   </symbol_table>
   <title>Link successful</title>
</link_info>
