******************************************************************************
                  TI ARM Linker PC v20.2.7                     
******************************************************************************
>> Linked Sun Jul  2 15:56:10 2023

OUTPUT FILE NAME:   <Su23_Project3.out>
ENTRY POINT SYMBOL: "_c_int00_noargs"  address: 0000158d


MEMORY CONFIGURATION

         name            origin    length      used     unused   attr    fill
----------------------  --------  ---------  --------  --------  ----  --------
  MAIN                  00000000   00040000  00001fd8  0003e028  R  X
  INFO                  00200000   00004000  00000000  00004000  R  X
  SRAM_CODE             01000000   00010000  00000258  0000fda8  RW X
  SRAM_DATA             20000000   00010000  00000258  0000fda8  RW  


SEGMENT ALLOCATION MAP

run origin  load origin   length   init length attrs members
----------  ----------- ---------- ----------- ----- -------
00000000    00000000    00001fd8   00001fd8    r-x
  00000000    00000000    000000e4   000000e4    r-- .intvecs
  000000e4    000000e4    00001a80   00001a80    r-x .text
  00001b64    00001b64    0000043c   0000043c    r-- .const
  00001fa0    00001fa0    00000038   00000038    r-- .cinit
20000000    20000000    0000005b   00000000    rw-
  20000000    20000000    00000045   00000000    rw- .bss
  20000048    20000048    00000013   00000000    rw- .data
2000fe00    2000fe00    00000200   00000000    rw-
  2000fe00    2000fe00    00000200   00000000    rw- .stack


SECTION ALLOCATION MAP

 output                                  attributes/
section   page    origin      length       input sections
--------  ----  ----------  ----------   ----------------
.intvecs   0    00000000    000000e4     
                  00000000    000000e4     startup_msp432p401r_ccs.obj (.intvecs:retain)

.text      0    000000e4    00001a80     
                  000000e4    000001d8     Crystalfontz128x128_ST7735.obj (.text:Crystalfontz128x128_PixelDrawMultiple)
                  000002bc    0000019c     msp432p4xx_driverlib.lib : cs.o (.text:CS_setDCOFrequency)
                  00000458    00000134     Crystalfontz128x128_ST7735.obj (.text:Crystalfontz128x128_SetDrawFrame)
                  0000058c    00000130     msp432p4xx_driverlib.lib : cs.o (.text:CS_initClockSignal)
                  000006bc    0000012c     Crystalfontz128x128_ST7735.obj (.text:Crystalfontz128x128_Init)
                  000007e8    000000b0     msp432p4xx_driverlib.lib : spi.o (.text:SPI_initMaster)
                  00000898    0000009c     Crystalfontz128x128_ST7735.obj (.text:Crystalfontz128x128_RectFill)
                  00000934    0000009c     rtsv7M4_T_le_v4SPD16_eabi.lib : memcpy_t2.asm.obj (.text)
                  000009d0    00000096                                   : ull_div_t2.asm.obj (.text)
                  00000a66    00000002     startup_msp432p401r_ccs.obj (.text:Default_Handler)
                  00000a68    00000094     msp432p4xx_driverlib.lib : sysctl_a.o (.text:SysCtl_A_getTLVInfo)
                  00000afc    0000008c     Timer.obj (.text:InitSystemTiming)
                  00000b88    00000088     msp432p4xx_driverlib.lib : cs.o (.text:CS_tuneDCOFrequency)
                  00000c10    00000088                              : gpio.o (.text:GPIO_setAsPeripheralModuleFunctionOutputPin)
                  00000c98    00000080                              : interrupt.o (.text:Interrupt_enableInterrupt)
                  00000d18    00000078     system_msp432p401r.obj (.text:SystemInit)
                  00000d90    00000068     msp432p4xx_driverlib.lib : timer32.o (.text:Timer32_initModule)
                  00000df8    00000068     rtsv7M4_T_le_v4SPD16_eabi.lib : copy_decompress_lzss.c.obj (.text:decompress:lzss:__TI_decompress_lzss)
                  00000e60    00000060     Button.obj (.text:BB1tapped)
                  00000ec0    00000060     Button.obj (.text:BB2tapped)
                  00000f20    00000060     Crystalfontz128x128_ST7735.obj (.text:Crystalfontz128x128_LineDrawH)
                  00000f80    00000060     Crystalfontz128x128_ST7735.obj (.text:Crystalfontz128x128_LineDrawV)
                  00000fe0    00000060     Button.obj (.text:JSBtapped)
                  00001040    0000005c     Graphics.obj (.text:GFX_construct)
                  0000109c    00000058     msp432p4xx_driverlib.lib : gpio.o (.text:GPIO_setAsInputPinWithPullUpResistor)
                  000010f4    00000058     Timer.obj (.text:SWTimer_elapsedCycles)
                  0000114c    00000058     LED.obj (.text:initLEDs)
                  000011a4    00000054     Crystalfontz128x128_ST7735.obj (.text:Crystalfontz128x128_SetOrientation)
                  000011f8    00000054     Timer.obj (.text:SWTimer_construct)
                  0000124c    00000052     grlib.a : context.obj (.text:Graphics_initContext)
                  0000129e    00000002     rtsv7M4_T_le_v4SPD16_eabi.lib : div0.asm.obj (.text)
                  000012a0    0000004c     Button.obj (.text:initButtons)
                  000012ec    00000048     msp432p4xx_driverlib.lib : flash.o (.text:FlashCtl_setWaitState)
                  00001334    00000044     rtsv7M4_T_le_v4SPD16_eabi.lib : autoinit.c.obj (.text:__TI_auto_init_nobinit_nopinit:__TI_auto_init_nobinit_nopinit)
                  00001378    00000040     Crystalfontz128x128_ST7735.obj (.text:Crystalfontz128x128_PixelDraw)
                  000013b8    00000040     msp432p4xx_driverlib.lib : gpio.o (.text:GPIO_setAsOutputPin)
                  000013f8    00000040     HAL_MSP_EXP432P401R_Crystalfontz128x128_ST7735.obj (.text:HAL_LCD_SpiInit)
                  00001438    00000040     msp432p4xx_driverlib.lib : spi.o (.text:is_A_Module)
                  00001478    0000003c                              : gpio.o (.text:GPIO_interruptEdgeSelect)
                  000014b4    00000038     HAL_MSP_EXP432P401R_Crystalfontz128x128_ST7735.obj (.text:HAL_LCD_writeCommand)
                  000014ec    00000038     msp432p4xx_driverlib.lib : timer32.o (.text:Timer32_startTimer)
                  00001524    00000034                              : cs.o (.text:CS_setDCOCenteredFrequency)
                  00001558    00000034                              : timer32.o (.text:Timer32_setCount)
                  0000158c    00000034     rtsv7M4_T_le_v4SPD16_eabi.lib : boot_cortex_m.c.obj (.text:_c_int00_noargs:_c_int00_noargs)
                  000015c0    00000030     HAL_MSP_EXP432P401R_Crystalfontz128x128_ST7735.obj (.text:HAL_LCD_PortInit)
                  000015f0    0000002c     Crystalfontz128x128_ST7735.obj (.text:Crystalfontz128x128_ClearScreen)
                  0000161c    0000002c     HAL_MSP_EXP432P401R_Crystalfontz128x128_ST7735.obj (.text:HAL_LCD_writeData)
                  00001648    0000002a     Graphics.obj (.text:GFX_resetColors)
                  00001672    0000002a     Timer.obj (.text:SWTimer_expired)
                  0000169c    0000002a     Button.obj (.text:initButton)
                  000016c6    0000002a     Button.obj (.text:updateButtons)
                  000016f0    00000028     Crystalfontz128x128_ST7735.obj (.text:Crystalfontz128x128_ColorTranslate)
                  00001718    00000028     msp432p4xx_driverlib.lib : gpio.o (.text:GPIO_clearInterruptFlag)
                  00001740    00000028                              : gpio.o (.text:GPIO_enableInterrupt)
                  00001768    00000028                              : gpio.o (.text:GPIO_setOutputHighOnPin)
                  00001790    00000028                              : gpio.o (.text:GPIO_setOutputLowOnPin)
                  000017b8    00000028                              : gpio.o (.text:GPIO_toggleOutputOnPin)
                  000017e0    00000028                              : pcm.o (.text:PCM_gotoLPM0)
                  00001808    00000028     Timer.obj (.text:T32_INT1_IRQHandler)
                  00001830    00000024     msp432p4xx_driverlib.lib : gpio.o (.text:GPIO_getInterruptStatus)
                  00001854    00000024     Timer.obj (.text:SWTimer_start)
                  00001878    00000024     msp432p4xx_driverlib.lib : wdt_a.o (.text:WDT_A_holdTimer)
                  0000189c    00000022     project3_main.obj (.text:main)
                  000018be    00000002     --HOLE-- [fill = 0]
                  000018c0    00000020     Button.obj (.text:PORT3_IRQHandler)
                  000018e0    00000020     Button.obj (.text:PORT4_IRQHandler)
                  00001900    00000020     Button.obj (.text:PORT5_IRQHandler)
                  00001920    0000001c     msp432p4xx_driverlib.lib : spi.o (.text:SPI_enableModule)
                  0000193c    0000001c     rtsv7M4_T_le_v4SPD16_eabi.lib : copy_zero_init.c.obj (.text:decompress:ZI:__TI_zero_init_nomemset:__TI_zero_init_nomemset)
                  00001958    0000001a     grlib.a : display.obj (.text:Graphics_clearDisplayOnDisplay)
                  00001972    0000001a             : context.obj (.text:Graphics_setBackgroundColor)
                  0000198c    0000001a             : context.obj (.text:Graphics_setFont)
                  000019a6    00000018     rtsv7M4_T_le_v4SPD16_eabi.lib : ll_mul_t2.asm.obj (.text)
                  000019be    00000016     msp432p4xx_driverlib.lib : spi.o (.text:EUSCI_A_SPI_enable)
                  000019d4    00000016                              : spi.o (.text:EUSCI_B_SPI_enable)
                  000019ea    00000016     grlib.a : context.obj (.text:Graphics_setForegroundColor)
                  00001a00    00000016             : display.obj (.text:Graphics_translateColorOnDisplay)
                  00001a16    00000016     project3_main.obj (.text:main_loop)
                  00001a2c    00000014     msp432p4xx_driverlib.lib : timer32.o (.text:Timer32_clearInterruptFlag)
                  00001a40    00000014     project3_main.obj (.text:initialize)
                  00001a54    00000012     grlib.a : context.obj (.text:Graphics_clearDisplay)
                  00001a66    00000010     msp432p4xx_driverlib.lib : interrupt.o (.text:Interrupt_disableMaster)
                  00001a76    00000010                              : interrupt.o (.text:Interrupt_enableMaster)
                  00001a86    00000010     project3_main.obj (.text:sleep)
                  00001a96    0000000e     msp432p4xx_driverlib.lib : timer32.o (.text:Timer32_getValue)
                  00001aa4    0000000e     rtsv7M4_T_le_v4SPD16_eabi.lib : copy_decompress_none.c.obj (.text:decompress:none:__TI_decompress_none)
                  00001ab2    0000000c     msp432p4xx_driverlib.lib : cpu.o (.text:CPU_cpsid)
                  00001abe    0000000c                              : cpu.o (.text:CPU_cpsie)
                  00001aca    0000000c     Graphics.obj (.text:GFX_clear)
                  00001ad6    0000000c     startup_msp432p401r_ccs.obj (.text:Reset_Handler)
                  00001ae2    0000000c     LED.obj (.text:Toggle_LL1)
                  00001aee    0000000c     LED.obj (.text:TurnOff_BLB)
                  00001afa    0000000c     LED.obj (.text:TurnOff_BLG)
                  00001b06    0000000c     LED.obj (.text:TurnOff_BLR)
                  00001b12    0000000c     LED.obj (.text:TurnOff_LL1)
                  00001b1e    0000000c     LED.obj (.text:TurnOff_LLB)
                  00001b2a    0000000c     LED.obj (.text:TurnOff_LLG)
                  00001b36    0000000c     LED.obj (.text:TurnOff_LLR)
                  00001b42    0000000c     LED.obj (.text:TurnOn_LLG)
                  00001b4e    0000000a     Crystalfontz128x128_ST7735.obj (.text:Crystalfontz128x128_Flush)
                  00001b58    00000004     msp432p4xx_driverlib.lib : cpu.o (.text:CPU_wfi)
                  00001b5c    00000004     rtsv7M4_T_le_v4SPD16_eabi.lib : pre_init.c.obj (.text:_system_pre_init)
                  00001b60    00000004                                   : exit.c.obj (.text:abort:abort)

.const     0    00001b64    0000043c     
                  00001b64    000002f8     grlib.a : fontfixed6x8.obj (.const:.string:g_pucFontFixed6x8Data)
                  00001e5c    000000c8             : fontfixed6x8.obj (.const:g_sFontFixed6x8)
                  00001f24    00000030     msp432p4xx_driverlib.lib : gpio.o (.const:GPIO_PORT_TO_BASE)
                  00001f54    00000020     Crystalfontz128x128_ST7735.obj (.const:g_sCrystalfontz128x128_funcs)
                  00001f74    0000001c     HAL_MSP_EXP432P401R_Crystalfontz128x128_ST7735.obj (.const:$P$T0$1)
                  00001f90    00000008     Crystalfontz128x128_ST7735.obj (.const:$P$T0$1)
                  00001f98    00000008     msp432p4xx_driverlib.lib : interrupt.o (.const:g_pulEnRegs)

.cinit     0    00001fa0    00000038     
                  00001fa0    0000000d     (.cinit..data.load) [load image, compression = lzss]
                  00001fad    00000003     --HOLE-- [fill = 0]
                  00001fb0    0000000c     (__TI_handler_table)
                  00001fbc    00000004     --HOLE-- [fill = 0]
                  00001fc0    00000008     (.cinit..bss.load) [load image, compression = zero_init]
                  00001fc8    00000010     (__TI_cinit_table)

.init_array 
*          0    00000000    00000000     UNINITIALIZED

.binit     0    00000000    00000000     

.bss       0    20000000    00000045     UNINITIALIZED
                  20000000    00000010     Button.obj (.bss:debounceTimer$2)
                  20000010    00000010     Button.obj (.bss:debounceTimer$4)
                  20000020    00000010     Button.obj (.bss:debounceTimer$6)
                  20000030    00000008     Timer.obj (.bss)
                  20000038    00000003     Button.obj (.bss)
                  2000003b    00000001     (.common:Lcd_FlagRead)
                  2000003c    00000002     (.common:Lcd_ScreenHeigth)
                  2000003e    00000002     (.common:Lcd_ScreenWidth)
                  20000040    00000002     (.common:Lcd_TouchTrim)
                  20000042    00000001     (.common:Lcd_FontSolid)
                  20000043    00000001     (.common:Lcd_Orientation)
                  20000044    00000001     (.common:Lcd_PenSolid)

.data      0    20000048    00000013     UNINITIALIZED
                  20000048    00000010     Crystalfontz128x128_ST7735.obj (.data:g_sCrystalfontz128x128)
                  20000058    00000003     Button.obj (.data)

.stack     0    2000fe00    00000200     UNINITIALIZED
                  2000fe00    00000004     rtsv7M4_T_le_v4SPD16_eabi.lib : boot_cortex_m.c.obj (.stack)
                  2000fe04    000001fc     --HOLE--

__llvm_prf_cnts 
*          0    20000000    00000000     UNINITIALIZED

MODULE SUMMARY

       Module                                               code   ro data   rw data
       ------                                               ----   -------   -------
    .\
       system_msp432p401r.obj                               120    0         0      
       project3_main.obj                                    92     0         0      
    +--+----------------------------------------------------+------+---------+---------+
       Total:                                               212    0         0      
                                                                                    
    .\HAL\
       Button.obj                                           544    0         108    
       Timer.obj                                            430    0         16     
       LED.obj                                              196    0         0      
       Graphics.obj                                         146    0         0      
    +--+----------------------------------------------------+------+---------+---------+
       Total:                                               1316   0         124    
                                                                                    
    .\LcdDriver\
       Crystalfontz128x128_ST7735.obj                       1670   40        52     
       HAL_MSP_EXP432P401R_Crystalfontz128x128_ST7735.obj   212    28        0      
    +--+----------------------------------------------------+------+---------+---------+
       Total:                                               1882   68        52     
                                                                                    
    .\ccs\
       startup_msp432p401r_ccs.obj                          14     228       0      
    +--+----------------------------------------------------+------+---------+---------+
       Total:                                               14     228       0      
                                                                                    
    C:/ti/simplelink_msp432p4_sdk_3_40_01_02/source/ti/devices/msp432p4xx/driverlib/ccs/msp432p4xx_driverlib.lib
       cs.o                                                 904    0         0      
       gpio.o                                               584    48        0      
       spi.o                                                312    0         0      
       timer32.o                                            246    0         0      
       interrupt.o                                          160    8         0      
       sysctl_a.o                                           148    0         0      
       flash.o                                              72     0         0      
       pcm.o                                                40     0         0      
       wdt_a.o                                              36     0         0      
       cpu.o                                                28     0         0      
    +--+----------------------------------------------------+------+---------+---------+
       Total:                                               2530   56        0      
                                                                                    
    C:/ti/simplelink_msp432p4_sdk_3_40_01_02/source/ti/grlib/lib/ccs/m4f/grlib.a
       fontfixed6x8.obj                                     0      960       0      
       context.obj                                          174    0         0      
       display.obj                                          48     0         0      
    +--+----------------------------------------------------+------+---------+---------+
       Total:                                               222    960       0      
                                                                                    
    C:\ti\ccs1220\ccs\tools\compiler\ti-cgt-arm_20.2.7.LTS\lib\rtsv7M4_T_le_v4SPD16_eabi.lib
       memcpy_t2.asm.obj                                    156    0         0      
       ull_div_t2.asm.obj                                   150    0         0      
       copy_decompress_lzss.c.obj                           104    0         0      
       autoinit.c.obj                                       68     0         0      
       boot_cortex_m.c.obj                                  52     0         0      
       copy_zero_init.c.obj                                 28     0         0      
       ll_mul_t2.asm.obj                                    24     0         0      
       copy_decompress_none.c.obj                           14     0         0      
       exit.c.obj                                           4      0         0      
       pre_init.c.obj                                       4      0         0      
       div0.asm.obj                                         2      0         0      
    +--+----------------------------------------------------+------+---------+---------+
       Total:                                               606    0         0      
                                                                                    
       Stack:                                               0      0         1024   
       Linker Generated:                                    0      49        0      
    +--+----------------------------------------------------+------+---------+---------+
       Grand Total:                                         6782   1361      1200   


LINKER GENERATED COPY TABLES

__TI_cinit_table @ 00001fc8 records: 2, size/record: 8, table size: 16
	.data: load addr=00001fa0, load size=0000000d bytes, run addr=20000048, run size=00000013 bytes, compression=lzss
	.bss: load addr=00001fc0, load size=00000008 bytes, run addr=20000000, run size=00000045 bytes, compression=zero_init


LINKER GENERATED HANDLER TABLE

__TI_handler_table @ 00001fb0 records: 3, size/record: 4, table size: 12
	index: 0, handler: __TI_decompress_lzss
	index: 1, handler: __TI_decompress_none
	index: 2, handler: __TI_zero_init


GLOBAL SYMBOLS: SORTED ALPHABETICALLY BY Name 

address   name                                       
-------   ----                                       
00000a67  ADC14_IRQHandler                           
00000a67  AES256_IRQHandler                          
00000e61  BB1tapped                                  
00000ec1  BB2tapped                                  
00000a67  BusFault_Handler                           
00001b61  C$$EXIT                                    
00000a67  COMP_E0_IRQHandler                         
00000a67  COMP_E1_IRQHandler                         
00001ab3  CPU_cpsid                                  
00001abf  CPU_cpsie                                  
00001b59  CPU_wfi                                    
00000a67  CS_IRQHandler                              
0000058d  CS_initClockSignal                         
00001525  CS_setDCOCenteredFrequency                 
000002bd  CS_setDCOFrequency                         
00000b89  CS_tuneDCOFrequency                        
000006bd  Crystalfontz128x128_Init                   
00000459  Crystalfontz128x128_SetDrawFrame           
000011a5  Crystalfontz128x128_SetOrientation         
00000a67  DMA_ERR_IRQHandler                         
00000a67  DMA_INT0_IRQHandler                        
00000a67  DMA_INT1_IRQHandler                        
00000a67  DMA_INT2_IRQHandler                        
00000a67  DMA_INT3_IRQHandler                        
00000a67  DebugMon_Handler                           
00000a67  Default_Handler                            
00000a67  EUSCIA0_IRQHandler                         
00000a67  EUSCIA1_IRQHandler                         
00000a67  EUSCIA2_IRQHandler                         
00000a67  EUSCIA3_IRQHandler                         
00000a67  EUSCIB0_IRQHandler                         
00000a67  EUSCIB1_IRQHandler                         
00000a67  EUSCIB2_IRQHandler                         
00000a67  EUSCIB3_IRQHandler                         
000019bf  EUSCI_A_SPI_enable                         
000019d5  EUSCI_B_SPI_enable                         
00000a67  FLCTL_IRQHandler                           
00000a67  FPU_IRQHandler                             
000012ed  FlashCtl_setWaitState                      
00001acb  GFX_clear                                  
00001041  GFX_construct                              
00001649  GFX_resetColors                            
00001719  GPIO_clearInterruptFlag                    
00001741  GPIO_enableInterrupt                       
00001831  GPIO_getInterruptStatus                    
00001479  GPIO_interruptEdgeSelect                   
0000109d  GPIO_setAsInputPinWithPullUpResistor       
000013b9  GPIO_setAsOutputPin                        
00000c11  GPIO_setAsPeripheralModuleFunctionOutputPin
00001769  GPIO_setOutputHighOnPin                    
00001791  GPIO_setOutputLowOnPin                     
000017b9  GPIO_toggleOutputOnPin                     
00001a55  Graphics_clearDisplay                      
00001959  Graphics_clearDisplayOnDisplay             
0000124d  Graphics_initContext                       
00001973  Graphics_setBackgroundColor                
0000198d  Graphics_setFont                           
000019eb  Graphics_setForegroundColor                
00001a01  Graphics_translateColorOnDisplay           
000015c1  HAL_LCD_PortInit                           
000013f9  HAL_LCD_SpiInit                            
000014b5  HAL_LCD_writeCommand                       
0000161d  HAL_LCD_writeData                          
00000a67  HardFault_Handler                          
00000afd  InitSystemTiming                           
00001a67  Interrupt_disableMaster                    
00000c99  Interrupt_enableInterrupt                  
00001a77  Interrupt_enableMaster                     
00000fe1  JSBtapped                                  
2000003b  Lcd_FlagRead                               
20000042  Lcd_FontSolid                              
20000043  Lcd_Orientation                            
20000044  Lcd_PenSolid                               
2000003c  Lcd_ScreenHeigth                           
2000003e  Lcd_ScreenWidth                            
20000040  Lcd_TouchTrim                              
00000a67  MemManage_Handler                          
00000a67  NMI_Handler                                
00000a67  PCM_IRQHandler                             
000017e1  PCM_gotoLPM0                               
00000a67  PORT1_IRQHandler                           
00000a67  PORT2_IRQHandler                           
000018c1  PORT3_IRQHandler                           
000018c1  PORT3_IRQHandler                           
000018e1  PORT4_IRQHandler                           
000018e1  PORT4_IRQHandler                           
00001901  PORT5_IRQHandler                           
00001901  PORT5_IRQHandler                           
00000a67  PORT6_IRQHandler                           
00000a67  PSS_IRQHandler                             
00000a67  PendSV_Handler                             
00000a67  RTC_C_IRQHandler                           
00001ad7  Reset_Handler                              
00001921  SPI_enableModule                           
000007e9  SPI_initMaster                             
00000a67  SVC_Handler                                
000011f9  SWTimer_construct                          
000010f5  SWTimer_elapsedCycles                      
00001673  SWTimer_expired                            
00001855  SWTimer_start                              
00000a69  SysCtl_A_getTLVInfo                        
00000a67  SysTick_Handler                            
00000d19  SystemInit                                 
00001809  T32_INT1_IRQHandler                        
00001809  T32_INT1_IRQHandler                        
00000a67  T32_INT2_IRQHandler                        
00000a67  T32_INTC_IRQHandler                        
00000a67  TA0_0_IRQHandler                           
00000a67  TA0_N_IRQHandler                           
00000a67  TA1_0_IRQHandler                           
00000a67  TA1_N_IRQHandler                           
00000a67  TA2_0_IRQHandler                           
00000a67  TA2_N_IRQHandler                           
00000a67  TA3_0_IRQHandler                           
00000a67  TA3_N_IRQHandler                           
00001a2d  Timer32_clearInterruptFlag                 
00001a97  Timer32_getValue                           
00000d91  Timer32_initModule                         
00001559  Timer32_setCount                           
000014ed  Timer32_startTimer                         
00001ae3  Toggle_LL1                                 
00001aef  TurnOff_BLB                                
00001afb  TurnOff_BLG                                
00001b07  TurnOff_BLR                                
00001b13  TurnOff_LL1                                
00001b1f  TurnOff_LLB                                
00001b2b  TurnOff_LLG                                
00001b37  TurnOff_LLR                                
00001b43  TurnOn_LLG                                 
00000a67  UsageFault_Handler                         
4000480c  WDTCTL_SYM                                 
00000a67  WDT_A_IRQHandler                           
00001879  WDT_A_holdTimer                            
20010000  __STACK_END                                
00000200  __STACK_SIZE                               
00001fc8  __TI_CINIT_Base                            
00001fd8  __TI_CINIT_Limit                           
00001fb0  __TI_Handler_Table_Base                    
00001fbc  __TI_Handler_Table_Limit                   
00001335  __TI_auto_init_nobinit_nopinit             
00000df9  __TI_decompress_lzss                       
00001aa5  __TI_decompress_none                       
ffffffff  __TI_pprof_out_hndl                        
ffffffff  __TI_prof_data_size                        
ffffffff  __TI_prof_data_start                       
00000000  __TI_static_base__                         
0000193d  __TI_zero_init_nomemset                    
0000129f  __aeabi_idiv0                              
0000129f  __aeabi_ldiv0                              
000019a7  __aeabi_lmul                               
00000935  __aeabi_memcpy                             
00000935  __aeabi_memcpy4                            
00000935  __aeabi_memcpy8                            
000009d1  __aeabi_uldivmod                           
ffffffff  __binit__                                  
ffffffff  __c_args__                                 
UNDEFED   __mpu_init                                 
2000fe00  __stack                                    
20000000  __start___llvm_prf_cnts                    
20000000  __stop___llvm_prf_cnts                     
0000158d  _c_int00_noargs                            
UNDEFED   _system_post_cinit                         
00001b5d  _system_pre_init                           
00001b61  abort                                      
ffffffff  binit                                      
20000048  g_sCrystalfontz128x128                     
00001f54  g_sCrystalfontz128x128_funcs               
00001e5c  g_sFontFixed6x8                            
0000169d  initButton                                 
000012a1  initButtons                                
0000114d  initLEDs                                   
00001a41  initialize                                 
00000000  interruptVectors                           
0000189d  main                                       
00001a17  main_loop                                  
00000935  memcpy                                     
00001a87  sleep                                      
000016c7  updateButtons                              


GLOBAL SYMBOLS: SORTED BY Symbol Address 

address   name                                       
-------   ----                                       
00000000  __TI_static_base__                         
00000000  interruptVectors                           
00000200  __STACK_SIZE                               
000002bd  CS_setDCOFrequency                         
00000459  Crystalfontz128x128_SetDrawFrame           
0000058d  CS_initClockSignal                         
000006bd  Crystalfontz128x128_Init                   
000007e9  SPI_initMaster                             
00000935  __aeabi_memcpy                             
00000935  __aeabi_memcpy4                            
00000935  __aeabi_memcpy8                            
00000935  memcpy                                     
000009d1  __aeabi_uldivmod                           
00000a67  ADC14_IRQHandler                           
00000a67  AES256_IRQHandler                          
00000a67  BusFault_Handler                           
00000a67  COMP_E0_IRQHandler                         
00000a67  COMP_E1_IRQHandler                         
00000a67  CS_IRQHandler                              
00000a67  DMA_ERR_IRQHandler                         
00000a67  DMA_INT0_IRQHandler                        
00000a67  DMA_INT1_IRQHandler                        
00000a67  DMA_INT2_IRQHandler                        
00000a67  DMA_INT3_IRQHandler                        
00000a67  DebugMon_Handler                           
00000a67  Default_Handler                            
00000a67  EUSCIA0_IRQHandler                         
00000a67  EUSCIA1_IRQHandler                         
00000a67  EUSCIA2_IRQHandler                         
00000a67  EUSCIA3_IRQHandler                         
00000a67  EUSCIB0_IRQHandler                         
00000a67  EUSCIB1_IRQHandler                         
00000a67  EUSCIB2_IRQHandler                         
00000a67  EUSCIB3_IRQHandler                         
00000a67  FLCTL_IRQHandler                           
00000a67  FPU_IRQHandler                             
00000a67  HardFault_Handler                          
00000a67  MemManage_Handler                          
00000a67  NMI_Handler                                
00000a67  PCM_IRQHandler                             
00000a67  PORT1_IRQHandler                           
00000a67  PORT2_IRQHandler                           
00000a67  PORT6_IRQHandler                           
00000a67  PSS_IRQHandler                             
00000a67  PendSV_Handler                             
00000a67  RTC_C_IRQHandler                           
00000a67  SVC_Handler                                
00000a67  SysTick_Handler                            
00000a67  T32_INT2_IRQHandler                        
00000a67  T32_INTC_IRQHandler                        
00000a67  TA0_0_IRQHandler                           
00000a67  TA0_N_IRQHandler                           
00000a67  TA1_0_IRQHandler                           
00000a67  TA1_N_IRQHandler                           
00000a67  TA2_0_IRQHandler                           
00000a67  TA2_N_IRQHandler                           
00000a67  TA3_0_IRQHandler                           
00000a67  TA3_N_IRQHandler                           
00000a67  UsageFault_Handler                         
00000a67  WDT_A_IRQHandler                           
00000a69  SysCtl_A_getTLVInfo                        
00000afd  InitSystemTiming                           
00000b89  CS_tuneDCOFrequency                        
00000c11  GPIO_setAsPeripheralModuleFunctionOutputPin
00000c99  Interrupt_enableInterrupt                  
00000d19  SystemInit                                 
00000d91  Timer32_initModule                         
00000df9  __TI_decompress_lzss                       
00000e61  BB1tapped                                  
00000ec1  BB2tapped                                  
00000fe1  JSBtapped                                  
00001041  GFX_construct                              
0000109d  GPIO_setAsInputPinWithPullUpResistor       
000010f5  SWTimer_elapsedCycles                      
0000114d  initLEDs                                   
000011a5  Crystalfontz128x128_SetOrientation         
000011f9  SWTimer_construct                          
0000124d  Graphics_initContext                       
0000129f  __aeabi_idiv0                              
0000129f  __aeabi_ldiv0                              
000012a1  initButtons                                
000012ed  FlashCtl_setWaitState                      
00001335  __TI_auto_init_nobinit_nopinit             
000013b9  GPIO_setAsOutputPin                        
000013f9  HAL_LCD_SpiInit                            
00001479  GPIO_interruptEdgeSelect                   
000014b5  HAL_LCD_writeCommand                       
000014ed  Timer32_startTimer                         
00001525  CS_setDCOCenteredFrequency                 
00001559  Timer32_setCount                           
0000158d  _c_int00_noargs                            
000015c1  HAL_LCD_PortInit                           
0000161d  HAL_LCD_writeData                          
00001649  GFX_resetColors                            
00001673  SWTimer_expired                            
0000169d  initButton                                 
000016c7  updateButtons                              
00001719  GPIO_clearInterruptFlag                    
00001741  GPIO_enableInterrupt                       
00001769  GPIO_setOutputHighOnPin                    
00001791  GPIO_setOutputLowOnPin                     
000017b9  GPIO_toggleOutputOnPin                     
000017e1  PCM_gotoLPM0                               
00001809  T32_INT1_IRQHandler                        
00001809  T32_INT1_IRQHandler                        
00001831  GPIO_getInterruptStatus                    
00001855  SWTimer_start                              
00001879  WDT_A_holdTimer                            
0000189d  main                                       
000018c1  PORT3_IRQHandler                           
000018c1  PORT3_IRQHandler                           
000018e1  PORT4_IRQHandler                           
000018e1  PORT4_IRQHandler                           
00001901  PORT5_IRQHandler                           
00001901  PORT5_IRQHandler                           
00001921  SPI_enableModule                           
0000193d  __TI_zero_init_nomemset                    
00001959  Graphics_clearDisplayOnDisplay             
00001973  Graphics_setBackgroundColor                
0000198d  Graphics_setFont                           
000019a7  __aeabi_lmul                               
000019bf  EUSCI_A_SPI_enable                         
000019d5  EUSCI_B_SPI_enable                         
000019eb  Graphics_setForegroundColor                
00001a01  Graphics_translateColorOnDisplay           
00001a17  main_loop                                  
00001a2d  Timer32_clearInterruptFlag                 
00001a41  initialize                                 
00001a55  Graphics_clearDisplay                      
00001a67  Interrupt_disableMaster                    
00001a77  Interrupt_enableMaster                     
00001a87  sleep                                      
00001a97  Timer32_getValue                           
00001aa5  __TI_decompress_none                       
00001ab3  CPU_cpsid                                  
00001abf  CPU_cpsie                                  
00001acb  GFX_clear                                  
00001ad7  Reset_Handler                              
00001ae3  Toggle_LL1                                 
00001aef  TurnOff_BLB                                
00001afb  TurnOff_BLG                                
00001b07  TurnOff_BLR                                
00001b13  TurnOff_LL1                                
00001b1f  TurnOff_LLB                                
00001b2b  TurnOff_LLG                                
00001b37  TurnOff_LLR                                
00001b43  TurnOn_LLG                                 
00001b59  CPU_wfi                                    
00001b5d  _system_pre_init                           
00001b61  C$$EXIT                                    
00001b61  abort                                      
00001e5c  g_sFontFixed6x8                            
00001f54  g_sCrystalfontz128x128_funcs               
00001fb0  __TI_Handler_Table_Base                    
00001fbc  __TI_Handler_Table_Limit                   
00001fc8  __TI_CINIT_Base                            
00001fd8  __TI_CINIT_Limit                           
20000000  __start___llvm_prf_cnts                    
20000000  __stop___llvm_prf_cnts                     
2000003b  Lcd_FlagRead                               
2000003c  Lcd_ScreenHeigth                           
2000003e  Lcd_ScreenWidth                            
20000040  Lcd_TouchTrim                              
20000042  Lcd_FontSolid                              
20000043  Lcd_Orientation                            
20000044  Lcd_PenSolid                               
20000048  g_sCrystalfontz128x128                     
2000fe00  __stack                                    
20010000  __STACK_END                                
4000480c  WDTCTL_SYM                                 
ffffffff  __TI_pprof_out_hndl                        
ffffffff  __TI_prof_data_size                        
ffffffff  __TI_prof_data_start                       
ffffffff  __binit__                                  
ffffffff  __c_args__                                 
ffffffff  binit                                      
UNDEFED   __mpu_init                                 
UNDEFED   _system_post_cinit                         

[178 symbols]
